Archive member included to satisfy reference by file (symbol)

C:/ST/STM32CubeIDE_1.19.0/STM32CubeIDE/plugins/com.st.stm32cube.ide.mcu.externaltools.gnu-tools-for-stm32.13.3.rel1.win32_1.0.0.202411081344/tools/bin/../lib/gcc/arm-none-eabi/13.3.1/../../../../arm-none-eabi/lib/thumb/v7e-m+dp/hard\libc_nano.a(libc_a-exit.o)
                              C:/ST/STM32CubeIDE_1.19.0/STM32CubeIDE/plugins/com.st.stm32cube.ide.mcu.externaltools.gnu-tools-for-stm32.13.3.rel1.win32_1.0.0.202411081344/tools/bin/../lib/gcc/arm-none-eabi/13.3.1/../../../../arm-none-eabi/lib/thumb/v7e-m+dp/hard/crt0.o (exit)
C:/ST/STM32CubeIDE_1.19.0/STM32CubeIDE/plugins/com.st.stm32cube.ide.mcu.externaltools.gnu-tools-for-stm32.13.3.rel1.win32_1.0.0.202411081344/tools/bin/../lib/gcc/arm-none-eabi/13.3.1/../../../../arm-none-eabi/lib/thumb/v7e-m+dp/hard\libc_nano.a(libc_a-findfp.o)
                              C:/ST/STM32CubeIDE_1.19.0/STM32CubeIDE/plugins/com.st.stm32cube.ide.mcu.externaltools.gnu-tools-for-stm32.13.3.rel1.win32_1.0.0.202411081344/tools/bin/../lib/gcc/arm-none-eabi/13.3.1/../../../../arm-none-eabi/lib/thumb/v7e-m+dp/hard\libc_nano.a(libc_a-exit.o) (__stdio_exit_handler)
C:/ST/STM32CubeIDE_1.19.0/STM32CubeIDE/plugins/com.st.stm32cube.ide.mcu.externaltools.gnu-tools-for-stm32.13.3.rel1.win32_1.0.0.202411081344/tools/bin/../lib/gcc/arm-none-eabi/13.3.1/../../../../arm-none-eabi/lib/thumb/v7e-m+dp/hard\libc_nano.a(libc_a-fwalk.o)
                              C:/ST/STM32CubeIDE_1.19.0/STM32CubeIDE/plugins/com.st.stm32cube.ide.mcu.externaltools.gnu-tools-for-stm32.13.3.rel1.win32_1.0.0.202411081344/tools/bin/../lib/gcc/arm-none-eabi/13.3.1/../../../../arm-none-eabi/lib/thumb/v7e-m+dp/hard\libc_nano.a(libc_a-findfp.o) (_fwalk_sglue)
C:/ST/STM32CubeIDE_1.19.0/STM32CubeIDE/plugins/com.st.stm32cube.ide.mcu.externaltools.gnu-tools-for-stm32.13.3.rel1.win32_1.0.0.202411081344/tools/bin/../lib/gcc/arm-none-eabi/13.3.1/../../../../arm-none-eabi/lib/thumb/v7e-m+dp/hard\libc_nano.a(libc_a-printf.o)
                              ./Core/Src/App/Battery_Monitor/Battery_read.o (printf)
C:/ST/STM32CubeIDE_1.19.0/STM32CubeIDE/plugins/com.st.stm32cube.ide.mcu.externaltools.gnu-tools-for-stm32.13.3.rel1.win32_1.0.0.202411081344/tools/bin/../lib/gcc/arm-none-eabi/13.3.1/../../../../arm-none-eabi/lib/thumb/v7e-m+dp/hard\libc_nano.a(libc_a-puts.o)
                              ./Core/Src/App/Battery_Monitor/Battery_read.o (puts)
C:/ST/STM32CubeIDE_1.19.0/STM32CubeIDE/plugins/com.st.stm32cube.ide.mcu.externaltools.gnu-tools-for-stm32.13.3.rel1.win32_1.0.0.202411081344/tools/bin/../lib/gcc/arm-none-eabi/13.3.1/../../../../arm-none-eabi/lib/thumb/v7e-m+dp/hard\libc_nano.a(libc_a-snprintf.o)
                              ./Core/Src/App/Jetson/jetson.o (snprintf)
C:/ST/STM32CubeIDE_1.19.0/STM32CubeIDE/plugins/com.st.stm32cube.ide.mcu.externaltools.gnu-tools-for-stm32.13.3.rel1.win32_1.0.0.202411081344/tools/bin/../lib/gcc/arm-none-eabi/13.3.1/../../../../arm-none-eabi/lib/thumb/v7e-m+dp/hard\libc_nano.a(libc_a-sscanf.o)
                              ./Core/Src/App/Jetson/jetson.o (sscanf)
C:/ST/STM32CubeIDE_1.19.0/STM32CubeIDE/plugins/com.st.stm32cube.ide.mcu.externaltools.gnu-tools-for-stm32.13.3.rel1.win32_1.0.0.202411081344/tools/bin/../lib/gcc/arm-none-eabi/13.3.1/../../../../arm-none-eabi/lib/thumb/v7e-m+dp/hard\libc_nano.a(libc_a-stdio.o)
                              C:/ST/STM32CubeIDE_1.19.0/STM32CubeIDE/plugins/com.st.stm32cube.ide.mcu.externaltools.gnu-tools-for-stm32.13.3.rel1.win32_1.0.0.202411081344/tools/bin/../lib/gcc/arm-none-eabi/13.3.1/../../../../arm-none-eabi/lib/thumb/v7e-m+dp/hard\libc_nano.a(libc_a-findfp.o) (__sread)
C:/ST/STM32CubeIDE_1.19.0/STM32CubeIDE/plugins/com.st.stm32cube.ide.mcu.externaltools.gnu-tools-for-stm32.13.3.rel1.win32_1.0.0.202411081344/tools/bin/../lib/gcc/arm-none-eabi/13.3.1/../../../../arm-none-eabi/lib/thumb/v7e-m+dp/hard\libc_nano.a(libc_a-wbuf.o)
                              C:/ST/STM32CubeIDE_1.19.0/STM32CubeIDE/plugins/com.st.stm32cube.ide.mcu.externaltools.gnu-tools-for-stm32.13.3.rel1.win32_1.0.0.202411081344/tools/bin/../lib/gcc/arm-none-eabi/13.3.1/../../../../arm-none-eabi/lib/thumb/v7e-m+dp/hard\libc_nano.a(libc_a-puts.o) (__swbuf_r)
C:/ST/STM32CubeIDE_1.19.0/STM32CubeIDE/plugins/com.st.stm32cube.ide.mcu.externaltools.gnu-tools-for-stm32.13.3.rel1.win32_1.0.0.202411081344/tools/bin/../lib/gcc/arm-none-eabi/13.3.1/../../../../arm-none-eabi/lib/thumb/v7e-m+dp/hard\libc_nano.a(libc_a-wsetup.o)
                              C:/ST/STM32CubeIDE_1.19.0/STM32CubeIDE/plugins/com.st.stm32cube.ide.mcu.externaltools.gnu-tools-for-stm32.13.3.rel1.win32_1.0.0.202411081344/tools/bin/../lib/gcc/arm-none-eabi/13.3.1/../../../../arm-none-eabi/lib/thumb/v7e-m+dp/hard\libc_nano.a(libc_a-puts.o) (__swsetup_r)
[...]
Memory Configuration

Name             Origin             Length             Attributes
ITCMRAM          0x00000000         0x00010000         xrw
FLASH            0x08000000         0x001e0000         xr
DTCMRAM1         0x20000000         0x00010000         xrw
DTCMRAM2         0x20010000         0x00010000         xrw
RAM              0x24000000         0x00100000         xrw
RAM_CD           0x30000000         0x00020000         xrw
RAM_SRD          0x38000000         0x00008000         xrw
*default*        0x00000000         0xffffffff

Linker script and memory map

LOAD C:/ST/STM32CubeIDE_1.19.0/STM32CubeIDE/plugins/com.st.stm32cube.ide.mcu.externaltools.gnu-tools-for-stm32.13.3.rel1.win32_1.0.0.202411081344/tools/bin/../lib/gcc/arm-none-eabi/13.3.1/thumb/v7e-m+dp/hard/crti.o
LOAD C:/ST/STM32CubeIDE_1.19.0/STM32CubeIDE/plugins/com.st.stm32cube.ide.mcu.externaltools.gnu-tools-for-stm32.13.3.rel1.win32_1.0.0.202411081344/tools/bin/../lib/gcc/arm-none-eabi/13.3.1/thumb/v7e-m+dp/hard/crtbegin.o
LOAD C:/ST/STM32CubeIDE_1.19.0/STM32CubeIDE/plugins/com.st.stm32cube.ide.mcu.externaltools.gnu-tools-for-stm32.13.3.rel1.win32_1.0.0.202411081344/tools/bin/../lib/gcc/arm-none-eabi/13.3.1/../../../../arm-none-eabi/lib/thumb/v7e-m+dp/hard/crt0.o
LOAD ./Core/Src/App/Battery_Monitor/Battery_read.o
LOAD ./Core/Src/App/Battery_Monitor/Battery_status.o
LOAD ./Core/Src/App/Flash_state/flash_state.o
LOAD ./Core/Src/App/Global/Global.o
LOAD ./Core/Src/App/Jetson/jetson.o
LOAD ./Core/Src/App/Motor_control/Motor_run.o
LOAD ./Core/Src/App/Motor_control/Motors.o
LOAD ./Core/Src/App/System_state/system_state.o
LOAD ./Core/Src/App/User_brakes/user_brakes.o
LOAD ./Core/Src/dac.o
LOAD ./Core/Src/gpio.o
LOAD ./Core/Src/i2c.o
LOAD ./Core/Src/main.o
LOAD ./Core/Src/stm32h7xx_hal_msp.o
LOAD ./Core/Src/stm32h7xx_it.o
LOAD ./Core/Src/syscalls.o
LOAD ./Core/Src/sysmem.o
LOAD ./Core/Src/system_stm32h7xx.o
LOAD ./Core/Src/usart.o
LOAD ./Core/Startup/startup_stm32h7a3zitxq.o
LOAD ./Drivers/BSP/STM32H7xx_Nucleo/stm32h7xx_nucleo.o
LOAD ./Drivers/STM32H7xx_HAL_Driver/Src/stm32h7xx_hal.o
LOAD ./Drivers/STM32H7xx_HAL_Driver/Src/stm32h7xx_hal_cortex.o
LOAD ./Drivers/STM32H7xx_HAL_Driver/Src/stm32h7xx_hal_dac.o
LOAD ./Drivers/STM32H7xx_HAL_Driver/Src/stm32h7xx_hal_dac_ex.o
LOAD ./Drivers/STM32H7xx_HAL_Driver/Src/stm32h7xx_hal_dma.o
LOAD ./Drivers/STM32H7xx_HAL_Driver/Src/stm32h7xx_hal_dma_ex.o
LOAD ./Drivers/STM32H7xx_HAL_Driver/Src/stm32h7xx_hal_exti.o
LOAD ./Drivers/STM32H7xx_HAL_Driver/Src/stm32h7xx_hal_flash.o
LOAD ./Drivers/STM32H7xx_HAL_Driver/Src/stm32h7xx_hal_flash_ex.o
LOAD ./Drivers/STM32H7xx_HAL_Driver/Src/stm32h7xx_hal_gpio.o
LOAD ./Drivers/STM32H7xx_HAL_Driver/Src/stm32h7xx_hal_hsem.o
LOAD ./Drivers/STM32H7xx_HAL_Driver/Src/stm32h7xx_hal_i2c.o
LOAD ./Drivers/STM32H7xx_HAL_Driver/Src/stm32h7xx_hal_i2c_ex.o
LOAD ./Drivers/STM32H7xx_HAL_Driver/Src/stm32h7xx_hal_mdma.o
LOAD ./Drivers/STM32H7xx_HAL_Driver/Src/stm32h7xx_hal_pwr.o
LOAD ./Drivers/STM32H7xx_HAL_Driver/Src/stm32h7xx_hal_pwr_ex.o
LOAD ./Drivers/STM32H7xx_HAL_Driver/Src/stm32h7xx_hal_rcc.o
LOAD ./Drivers/STM32H7xx_HAL_Driver/Src/stm32h7xx_hal_rcc_ex.o
LOAD ./Drivers/STM32H7xx_HAL_Driver/Src/stm32h7xx_hal_tim.o
LOAD ./Drivers/STM32H7xx_HAL_Driver/Src/stm32h7xx_hal_tim_ex.o
LOAD ./Drivers/STM32H7xx_HAL_Driver/Src/stm32h7xx_hal_uart.o
LOAD ./Drivers/STM32H7xx_HAL_Driver/Src/stm32h7xx_hal_uart_ex.o
LOAD ./Drivers/STM32H7xx_HAL_Driver/Src/stm32h7xx_hal_usart.o
LOAD ./Drivers/STM32H7xx_HAL_Driver/Src/stm32h7xx_hal_usart_ex.o
START GROUP
LOAD C:/ST/STM32CubeIDE_1.19.0/STM32CubeIDE/plugins/com.st.stm32cube.ide.mcu.externaltools.gnu-tools-for-stm32.13.3.rel1.win32_1.0.0.202411081344/tools/bin/../lib/gcc/arm-none-eabi/13.3.1/../../../../arm-none-eabi/lib/thumb/v7e-m+dp/hard\libstdc++_nano.a
LOAD C:/ST/STM32CubeIDE_1.19.0/STM32CubeIDE/plugins/com.st.stm32cube.ide.mcu.externaltools.gnu-tools-for-stm32.13.3.rel1.win32_1.0.0.202411081344/tools/bin/../lib/gcc/arm-none-eabi/13.3.1/../../../../arm-none-eabi/lib/thumb/v7e-m+dp/hard\libsupc++_nano.a
END GROUP
LOAD C:/ST/STM32CubeIDE_1.19.0/STM32CubeIDE/plugins/com.st.stm32cube.ide.mcu.externaltools.gnu-tools-for-stm32.13.3.rel1.win32_1.0.0.202411081344/tools/bin/../lib/gcc/arm-none-eabi/13.3.1/../../../../arm-none-eabi/lib/thumb/v7e-m+dp/hard\libstdc++_nano.a
LOAD C:/ST/STM32CubeIDE_1.19.0/STM32CubeIDE/plugins/com.st.stm32cube.ide.mcu.externaltools.gnu-tools-for-stm32.13.3.rel1.win32_1.0.0.202411081344/tools/bin/../lib/gcc/arm-none-eabi/13.3.1/../../../../arm-none-eabi/lib/thumb/v7e-m+dp/hard\libm.a
LOAD C:/ST/STM32CubeIDE_1.19.0/STM32CubeIDE/plugins/com.st.stm32cube.ide.mcu.externaltools.gnu-tools-for-stm32.13.3.rel1.win32_1.0.0.202411081344/tools/bin/../lib/gcc/arm-none-eabi/13.3.1/../../../../arm-none-eabi/lib/thumb/v7e-m+dp/hard\libc_nano.a
START GROUP
LOAD C:/ST/STM32CubeIDE_1.19.0/STM32CubeIDE/plugins/com.st.stm32cube.ide.mcu.externaltools.gnu-tools-for-stm32.13.3.rel1.win32_1.0.0.202411081344/tools/bin/../lib/gcc/arm-none-eabi/13.3.1/thumb/v7e-m+dp/hard\libgcc.a
LOAD C:/ST/STM32CubeIDE_1.19.0/STM32CubeIDE/plugins/com.st.stm32cube.ide.mcu.externaltools.gnu-tools-for-stm32.13.3.rel1.win32_1.0.0.202411081344/tools/bin/../lib/gcc/arm-none-eabi/13.3.1/../../../../arm-none-eabi/lib/thumb/v7e-m+dp/hard\libc_nano.a
END GROUP
START GROUP
LOAD C:/ST/STM32CubeIDE_1.19.0/STM32CubeIDE/plugins/com.st.stm32cube.ide.mcu.externaltools.gnu-tools-for-stm32.13.3.rel1.win32_1.0.0.202411081344/tools/bin/../lib/gcc/arm-none-eabi/13.3.1/thumb/v7e-m+dp/hard\libgcc.a
LOAD C:/ST/STM32CubeIDE_1.19.0/STM32CubeIDE/plugins/com.st.stm32cube.ide.mcu.externaltools.gnu-tools-for-stm32.13.3.rel1.win32_1.0.0.202411081344/tools/bin/../lib/gcc/arm-none-eabi/13.3.1/../../../../arm-none-eabi/lib/thumb/v7e-m+dp/hard\libc_nano.a
LOAD C:/ST/STM32CubeIDE_1.19.0/STM32CubeIDE/plugins/com.st.stm32cube.ide.mcu.externaltools.gnu-tools-for-stm32.13.3.rel1.win32_1.0.0.202411081344/tools/bin/../lib/gcc/arm-none-eabi/13.3.1/../../../../arm-none-eabi/lib/thumb/v7e-m+dp/hard\libnosys.a
END GROUP
START GROUP
LOAD C:/ST/STM32CubeIDE_1.19.0/STM32CubeIDE/plugins/com.st.stm32cube.ide.mcu.externaltools.gnu-tools-for-stm32.13.3.rel1.win32_1.0.0.202411081344/tools/bin/../lib/gcc/arm-none-eabi/13.3.1/thumb/v7e-m+dp/hard\libgcc.a
LOAD C:/ST/STM32CubeIDE_1.19.0/STM32CubeIDE/plugins/com.st.stm32cube.ide.mcu.externaltools.gnu-tools-for-stm32.13.3.rel1.win32_1.0.0.202411081344/tools/bin/../lib/gcc/arm-none-eabi/13.3.1/../../../../arm-none-eabi/lib/thumb/v7e-m+dp/hard\libc_nano.a
LOAD C:/ST/STM32CubeIDE_1.19.0/STM32CubeIDE/plugins/com.st.stm32cube.ide.mcu.externaltools.gnu-tools-for-stm32.13.3.rel1.win32_1.0.0.202411081344/tools/bin/../lib/gcc/arm-none-eabi/13.3.1/../../../../arm-none-eabi/lib/thumb/v7e-m+dp/hard\libnosys.a
END GROUP
LOAD C:/ST/STM32CubeIDE_1.19.0/STM32CubeIDE/plugins/com.st.stm32cube.ide.mcu.externaltools.gnu-tools-for-stm32.13.3.rel1.win32_1.0.0.202411081344/tools/bin/../lib/gcc/arm-none-eabi/13.3.1/thumb/v7e-m+dp/hard/crtend.o
LOAD C:/ST/STM32CubeIDE_1.19.0/STM32CubeIDE/plugins/com.st.stm32cube.ide.mcu.externaltools.gnu-tools-for-stm32.13.3.rel1.win32_1.0.0.202411081344/tools/bin/../lib/gcc/arm-none-eabi/13.3.1/thumb/v7e-m+dp/hard/crtn.o
                0x24100000                        _estack = (ORIGIN (RAM) + LENGTH (RAM))
                0x00000200                        _Min_Heap_Size = 0x200
                0x00000400                        _Min_Stack_Size = 0x400

.isr_vector     0x08000000      0x2ac
                0x08000000                        . = ALIGN (0x4)
 *(.isr_vector)
 .isr_vector    0x08000000      0x2ac ./Core/Startup/startup_stm32h7a3zitxq.o
                0x08000000                g_pfnVectors
                0x080002ac                        . = ALIGN (0x4)

.text           0x080002b0     0x8fb4
                0x080002b0                        . = ALIGN (0x4)
 *(.text)
 .text          0x080002b0       0x40 C:/ST/STM32CubeIDE_1.19.0/STM32CubeIDE/plugins/com.st.stm32cube.ide.mcu.externaltools.gnu-tools-for-stm32.13.3.rel1.win32_1.0.0.202411081344/tools/bin/../lib/gcc/arm-none-eabi/13.3.1/thumb/v7e-m+dp/hard/crtbegin.o
 .text          0x080002f0       0xa0 C:/ST/STM32CubeIDE_1.19.0/STM32CubeIDE/plugins/com.st.stm32cube.ide.mcu.externaltools.gnu-tools-for-stm32.13.3.rel1.win32_1.0.0.202411081344/tools/bin/../lib/gcc/arm-none-eabi/13.3.1/../../../../arm-none-eabi/lib/thumb/v7e-m+dp/hard\libc_nano.a(libc_a-memchr.o)
                0x080002f0                memchr
 .text          0x08000390       0x30 C:/ST/STM32CubeIDE_1.19.0/STM32CubeIDE/plugins/com.st.stm32cube.ide.mcu.externaltools.gnu-tools-for-stm32.13.3.rel1.win32_1.0.0.202411081344/tools/bin/../lib/gcc/arm-none-eabi/13.3.1/thumb/v7e-m+dp/hard\libgcc.a(_aeabi_uldivmod.o)
                0x08000390                __aeabi_uldivmod
 .text          0x080003c0      0x2f8 C:/ST/STM32CubeIDE_1.19.0/STM32CubeIDE/plugins/com.st.stm32cube.ide.mcu.externaltools.gnu-tools-for-stm32.13.3.rel1.win32_1.0.0.202411081344/tools/bin/../lib/gcc/arm-none-eabi/13.3.1/thumb/v7e-m+dp/hard\libgcc.a(_udivmoddi4.o)
                0x080003c0                __udivmoddi4
 .text          0x080006b8        0x4 C:/ST/STM32CubeIDE_1.19.0/STM32CubeIDE/plugins/com.st.stm32cube.ide.mcu.externaltools.gnu-tools-for-stm32.13.3.rel1.win32_1.0.0.202411081344/tools/bin/../lib/gcc/arm-none-eabi/13.3.1/thumb/v7e-m+dp/hard\libgcc.a(_dvmd_tls.o)
                0x080006b8                __aeabi_idiv0
                0x080006b8                __aeabi_ldiv0
 *(.text*)
 .text._write   0x080006bc       0x2c ./Core/Src/App/Battery_Monitor/Battery_read.o
                0x080006bc                _write
 .text._ZN7battery20BatteryStatusLTC294411batteryInitEv
                0x080006e8       0xf8 ./Core/Src/App/Battery_Monitor/Battery_read.o
                0x080006e8                battery::BatteryStatusLTC2944::batteryInit()
 .text._ZN7battery20BatteryStatusLTC29449tick_readERNS0_12MeasurementsE
                0x080007e0      0x194 ./Core/Src/App/Battery_Monitor/Battery_read.o
                0x080007e0                battery::BatteryStatusLTC2944::tick_read(battery::BatteryStatusLTC2944::Measurements&)
 .text._Z41__static_initialization_and_destruction_0v
                0x08000974       0x20 ./Core/Src/App/Battery_Monitor/Battery_read.o
 .text._GLOBAL__sub_I_totalCharge
                0x08000994        0xa ./Core/Src/App/Battery_Monitor/Battery_read.o
 .text._ZN7battery20BatteryStatusLTC2944C2EP19__I2C_HandleTypeDeff
                0x0800099e       0x28 ./Core/Src/App/Battery_Monitor/Battery_status.o
                0x0800099e                battery::BatteryStatusLTC2944::BatteryStatusLTC2944(__I2C_HandleTypeDef*, float)
                0x0800099e                battery::BatteryStatusLTC2944::BatteryStatusLTC2944(__I2C_HandleTypeDef*, float)
 .text._ZN7battery20BatteryStatusLTC29444initENS0_7AdcModeENS0_9PrescalerENS0_8AlccModeEb
                0x080009c6       0x5a ./Core/Src/App/Battery_Monitor/Battery_status.o
                0x080009c6                battery::BatteryStatusLTC2944::init(battery::BatteryStatusLTC2944::AdcMode, battery::BatteryStatusLTC2944::Prescaler, battery::BatteryStatusLTC2944::AlccMode, bool)
 .text._ZN7battery20BatteryStatusLTC294410readStatusERhRNS0_10StatusBitsE
                0x08000a20       0x50 ./Core/Src/App/Battery_Monitor/Battery_status.o
                0x08000a20                battery::BatteryStatusLTC2944::readStatus(unsigned char&, battery::BatteryStatusLTC2944::StatusBits&)
 .text._ZN7battery20BatteryStatusLTC29447readAllERNS0_12MeasurementsE
                0x08000a70      0x18c ./Core/Src/App/Battery_Monitor/Battery_status.o
                0x08000a70                battery::BatteryStatusLTC2944::readAll(battery::BatteryStatusLTC2944::Measurements&)
 .text._ZN7battery20BatteryStatusLTC294412writeControlEh
                0x08000bfc       0x22 ./Core/Src/App/Battery_Monitor/Battery_status.o
                0x08000bfc                battery::BatteryStatusLTC2944::writeControl(unsigned char)
 .text._ZN7battery20BatteryStatusLTC29447write16Eht
                0x08000c1e       0x56 ./Core/Src/App/Battery_Monitor/Battery_status.o
                0x08000c1e                battery::BatteryStatusLTC2944::write16(unsigned char, unsigned short)
 .text._ZN7battery20BatteryStatusLTC294424setAccumulatedCharge_mAhEf
                0x08000c74       0xa8 ./Core/Src/App/Battery_Monitor/Battery_status.o
                0x08000c74                battery::BatteryStatusLTC2944::setAccumulatedCharge_mAh(float)
 .text._ZN7battery20BatteryStatusLTC29449configureENS0_7AdcModeENS0_9PrescalerENS0_8AlccModeEb
                0x08000d1c       0x88 ./Core/Src/App/Battery_Monitor/Battery_status.o
                0x08000d1c                battery::BatteryStatusLTC2944::configure(battery::BatteryStatusLTC2944::AdcMode, battery::BatteryStatusLTC2944::Prescaler, battery::BatteryStatusLTC2944::AlccMode, bool)
 .text._ZN7battery20BatteryStatusLTC294412prescalerToMENS0_9PrescalerE
                0x08000da4       0x6c ./Core/Src/App/Battery_Monitor/Battery_status.o
                0x08000da4                battery::BatteryStatusLTC2944::prescalerToM(battery::BatteryStatusLTC2944::Prescaler)
 .text._ZNK7battery20BatteryStatusLTC294416convertVoltage_VEt
                0x08000e10       0x3c ./Core/Src/App/Battery_Monitor/Battery_status.o
                0x08000e10                battery::BatteryStatusLTC2944::convertVoltage_V(unsigned short) const
 .text._ZNK7battery20BatteryStatusLTC294416convertCurrent_AEt
                0x08000e4c       0x84 ./Core/Src/App/Battery_Monitor/Battery_status.o
                0x08000e4c                battery::BatteryStatusLTC2944::convertCurrent_A(unsigned short) const
 .text._ZNK7battery20BatteryStatusLTC294413convertTemp_CEt
                0x08000ed0       0x50 ./Core/Src/App/Battery_Monitor/Battery_status.o
                0x08000ed0                battery::BatteryStatusLTC2944::convertTemp_C(unsigned short) const
 .text._ZNK7battery20BatteryStatusLTC294416convertAcrTo_mAhEtt
                0x08000f20       0x9c ./Core/Src/App/Battery_Monitor/Battery_status.o
                0x08000f20                battery::BatteryStatusLTC2944::convertAcrTo_mAh(unsigned short, unsigned short) const
 .text._ZN7battery20BatteryStatusLTC29445read8EhRh
                0x08000fbc       0x42 ./Core/Src/App/Battery_Monitor/Battery_status.o
                0x08000fbc                battery::BatteryStatusLTC2944::read8(unsigned char, unsigned char&)
 .text._ZN7battery20BatteryStatusLTC29446read16EhRt
                0x08000ffe       0x68 ./Core/Src/App/Battery_Monitor/Battery_status.o
                0x08000ffe                battery::BatteryStatusLTC2944::read16(unsigned char, unsigned short&)
 .text._ZN7battery20BatteryStatusLTC29446write8Ehh
                0x08001066       0x44 ./Core/Src/App/Battery_Monitor/Battery_status.o
                0x08001066                battery::BatteryStatusLTC2944::write8(unsigned char, unsigned char)
 .text._ZN7battery20BatteryStatusLTC294412decodeStatusEh
                0x080010aa       0xb2 ./Core/Src/App/Battery_Monitor/Battery_status.o
                0x080010aa                battery::BatteryStatusLTC2944::decodeStatus(unsigned char)
 .text._ZN7battery20BatteryStatusLTC294420setVoltageThresholdsEff
                0x0800115c       0xe0 ./Core/Src/App/Battery_Monitor/Battery_status.o
                0x0800115c                battery::BatteryStatusLTC2944::setVoltageThresholds(float, float)
 .text._ZN7battery20BatteryStatusLTC294420setCurrentThresholdsEff
                0x0800123c      0x114 ./Core/Src/App/Battery_Monitor/Battery_status.o
                0x0800123c                battery::BatteryStatusLTC2944::setCurrentThresholds(float, float)
 .text.globalInit
                0x08001350       0x10 ./Core/Src/App/Global/Global.o
                0x08001350                globalInit
 .text.globalTick
                0x08001360       0x3c ./Core/Src/App/Global/Global.o
                0x08001360                globalTick
 .text._ZN6motors6Motors10initRunnerEv
                0x0800139c       0x74 ./Core/Src/App/Motor_control/Motor_run.o
                0x0800139c                motors::Motors::initRunner()
 .text._ZN6motors6Motors11tick_MotorsEv
                0x08001410       0x68 ./Core/Src/App/Motor_control/Motor_run.o
                0x08001410                motors::Motors::tick_Motors()
 .text._Z41__static_initialization_and_destruction_0v
                0x08001478       0x20 ./Core/Src/App/Motor_control/Motor_run.o
 .text._GLOBAL__sub_I__ZN6motors6Motors10initRunnerEv
                0x08001498        0xa ./Core/Src/App/Motor_control/Motor_run.o
 .text._ZN6motorsL13dacChannelForENS_6Motors7ChannelE
                0x080014a2       0x22 ./Core/Src/App/Motor_control/Motors.o
 .text._ZN6motorsL13enablePortForENS_6Motors7ChannelE
                0x080014c4       0x2c ./Core/Src/App/Motor_control/Motors.o
 .text._ZN6motorsL12enablePinForENS_6Motors7ChannelE
                0x080014f0       0x22 ./Core/Src/App/Motor_control/Motors.o
 *fill*         0x08001512        0x2 
 .text._ZN6motorsL12brakePortForENS_6Motors7ChannelE
                0x08001514       0x2c ./Core/Src/App/Motor_control/Motors.o
 .text._ZN6motorsL11brakePinForENS_6Motors7ChannelE
                0x08001540       0x24 ./Core/Src/App/Motor_control/Motors.o
 .text._ZN6motorsL16directionPortForENS_6Motors7ChannelE
                0x08001564       0x2c ./Core/Src/App/Motor_control/Motors.o
 .text._ZN6motorsL15directionPinForENS_6Motors7ChannelE
                0x08001590       0x24 ./Core/Src/App/Motor_control/Motors.o
 .text._ZN6motors6MotorsC2ENS0_7ChannelE
                0x080015b4       0x46 ./Core/Src/App/Motor_control/Motors.o
                0x080015b4                motors::Motors::Motors(motors::Motors::Channel)
                0x080015b4                motors::Motors::Motors(motors::Motors::Channel)
 *fill*         0x080015fa        0x2 
 .text._ZN6motors6Motors4initEv
                0x080015fc       0x88 ./Core/Src/App/Motor_control/Motors.o
                0x080015fc                motors::Motors::init()
 .text._ZN6motors6Motors11voltsToCodeEf
                0x08001684       0x78 ./Core/Src/App/Motor_control/Motors.o
                0x08001684                motors::Motors::voltsToCode(float)
 .text._ZN6motors6Motors8writeRawEt
                0x080016fc       0x7c ./Core/Src/App/Motor_control/Motors.o
                0x080016fc                motors::Motors::writeRaw(unsigned short)
 .text._ZN6motors6Motors10writeMotorEf
                0x08001778       0x2e ./Core/Src/App/Motor_control/Motors.o
                0x08001778                motors::Motors::writeMotor(float)
 .text._ZN6motors6Motors9setEnableEb
                0x080017a6       0x4a ./Core/Src/App/Motor_control/Motors.o
                0x080017a6                motors::Motors::setEnable(bool)
 .text._ZN6motors6Motors8setBrakeEb
                0x080017f0       0x4a ./Core/Src/App/Motor_control/Motors.o
                0x080017f0                motors::Motors::setBrake(bool)
 .text._ZN6motors6Motors12setDirectionEb
                0x0800183a       0x4a ./Core/Src/App/Motor_control/Motors.o
                0x0800183a                motors::Motors::setDirection(bool)
 .text._ZN12system_state11SystemState15setBatteryStateERKNS_12BatteryStateE
                0x08001884       0x34 ./Core/Src/App/System_state/system_state.o
                0x08001884                system_state::SystemState::setBatteryState(system_state::BatteryState const&)
 .text._ZN12system_state11SystemState15getBatteryStateEv
                0x080018b8       0x2c ./Core/Src/App/System_state/system_state.o
                0x080018b8                system_state::SystemState::getBatteryState()
 .text.MX_DAC1_Init
                0x080018e4       0x78 ./Core/Src/dac.o
                0x080018e4                MX_DAC1_Init
 .text.HAL_DAC_MspInit
                0x0800195c       0x8c ./Core/Src/dac.o
                0x0800195c                HAL_DAC_MspInit
 .text.MX_GPIO_Init
                0x080019e8      0x1e8 ./Core/Src/gpio.o
                0x080019e8                MX_GPIO_Init
 .text.MX_I2C1_Init
                0x08001bd0       0x80 ./Core/Src/i2c.o
                0x08001bd0                MX_I2C1_Init
 .text.MX_I2C2_Init
                0x08001c50       0x80 ./Core/Src/i2c.o
                0x08001c50                MX_I2C2_Init
 .text.HAL_I2C_MspInit
                0x08001cd0      0x170 ./Core/Src/i2c.o
                0x08001cd0                HAL_I2C_MspInit
 .text.main     0x08001e40       0xc0 ./Core/Src/main.o
                0x08001e40                main
 .text.SystemClock_Config
                0x08001f00       0xf0 ./Core/Src/main.o
                0x08001f00                SystemClock_Config
 .text.MPU_Config
                0x08001ff0       0x58 ./Core/Src/main.o
 .text.BSP_PB_Callback
                0x08002048       0x28 ./Core/Src/main.o
                0x08002048                BSP_PB_Callback
 .text.Error_Handler
                0x08002070        0xc ./Core/Src/main.o
                0x08002070                Error_Handler
 .text.HAL_MspInit
                0x0800207c       0x34 ./Core/Src/stm32h7xx_hal_msp.o
                0x0800207c                HAL_MspInit
 .text.NMI_Handler
                0x080020b0        0x8 ./Core/Src/stm32h7xx_it.o
                0x080020b0                NMI_Handler
 .text.HardFault_Handler
                0x080020b8        0x8 ./Core/Src/stm32h7xx_it.o
                0x080020b8                HardFault_Handler
 .text.MemManage_Handler
                0x080020c0        0x8 ./Core/Src/stm32h7xx_it.o
                0x080020c0                MemManage_Handler
 .text.BusFault_Handler
                0x080020c8        0x8 ./Core/Src/stm32h7xx_it.o
                0x080020c8                BusFault_Handler
 .text.UsageFault_Handler
                0x080020d0        0x8 ./Core/Src/stm32h7xx_it.o
                0x080020d0                UsageFault_Handler
 .text.SVC_Handler
                0x080020d8        0xe ./Core/Src/stm32h7xx_it.o
                0x080020d8                SVC_Handler
 .text.DebugMon_Handler
                0x080020e6        0xe ./Core/Src/stm32h7xx_it.o
                0x080020e6                DebugMon_Handler
 .text.PendSV_Handler
                0x080020f4        0xe ./Core/Src/stm32h7xx_it.o
                0x080020f4                PendSV_Handler
 .text.SysTick_Handler
                0x08002102        0xc ./Core/Src/stm32h7xx_it.o
                0x08002102                SysTick_Handler
 .text.EXTI15_10_IRQHandler
                0x0800210e        0xe ./Core/Src/stm32h7xx_it.o
                0x0800210e                EXTI15_10_IRQHandler
 .text._read    0x0800211c       0x3a ./Core/Src/syscalls.o
                0x0800211c                _read
 .text._close   0x08002156       0x18 ./Core/Src/syscalls.o
                0x08002156                _close
 .text._fstat   0x0800216e       0x20 ./Core/Src/syscalls.o
                0x0800216e                _fstat
 .text._isatty  0x0800218e       0x16 ./Core/Src/syscalls.o
                0x0800218e                _isatty
 .text._lseek   0x080021a4       0x1a ./Core/Src/syscalls.o
                0x080021a4                _lseek
 *fill*         0x080021be        0x2 
 .text._sbrk    0x080021c0       0x6c ./Core/Src/sysmem.o
                0x080021c0                _sbrk
 .text.SystemInit
                0x0800222c      0x120 ./Core/Src/system_stm32h7xx.o
                0x0800222c                SystemInit
 .text.ExitRun0Mode
                0x0800234c       0x30 ./Core/Src/system_stm32h7xx.o
                0x0800234c                ExitRun0Mode
 .text.MX_UART4_Init
                0x0800237c       0x98 ./Core/Src/usart.o
                0x0800237c                MX_UART4_Init
 .text.HAL_UART_MspInit
                0x08002414       0xd0 ./Core/Src/usart.o
                0x08002414                HAL_UART_MspInit
 .text.Reset_Handler
                0x080024e4       0x54 ./Core/Startup/startup_stm32h7a3zitxq.o
                0x080024e4                Reset_Handler
 .text.Default_Handler
                0x08002538        0x2 ./Core/Startup/startup_stm32h7a3zitxq.o
                0x08002538                RTC_Alarm_IRQHandler
                0x08002538                EXTI2_IRQHandler
                0x08002538                TIM8_CC_IRQHandler
                0x08002538                UART8_IRQHandler
                0x08002538                BDMA2_Channel1_IRQHandler
                0x08002538                SPI4_IRQHandler
                0x08002538                BDMA2_Channel0_IRQHandler
                0x08002538                TIM1_CC_IRQHandler
                0x08002538                DMA2_Stream5_IRQHandler
                0x08002538                JPEG_IRQHandler
                0x08002538                DMA1_Stream5_IRQHandler
                0x08002538                EXTI3_IRQHandler
                0x08002538                LPTIM4_IRQHandler
                0x08002538                TIM8_TRG_COM_TIM14_IRQHandler
                0x08002538                LPTIM2_IRQHandler
                0x08002538                DFSDM1_FLT1_IRQHandler
                0x08002538                DMAMUX2_OVR_IRQHandler
                0x08002538                GFXMMU_IRQHandler
                0x08002538                TIM8_UP_TIM13_IRQHandler
                0x08002538                I2C3_ER_IRQHandler
                0x08002538                DFSDM1_FLT2_IRQHandler
                0x08002538                USART10_IRQHandler
                0x08002538                MDMA_IRQHandler
                0x08002538                LPTIM3_IRQHandler
                0x08002538                BDMA2_Channel3_IRQHandler
                0x08002538                HSEM1_IRQHandler
                0x08002538                EXTI0_IRQHandler
                0x08002538                I2C2_EV_IRQHandler
                0x08002538                DAC2_IRQHandler
                0x08002538                DMA1_Stream2_IRQHandler
                0x08002538                FPU_IRQHandler
                0x08002538                OTG_HS_WKUP_IRQHandler
                0x08002538                FDCAN1_IT1_IRQHandler
                0x08002538                LTDC_ER_IRQHandler
                0x08002538                DMA2_Stream2_IRQHandler
                0x08002538                SPI1_IRQHandler
                0x08002538                OCTOSPI1_IRQHandler
                0x08002538                TIM6_DAC_IRQHandler
                0x08002538                BDMA2_Channel6_IRQHandler
                0x08002538                DMA2_Stream3_IRQHandler
                0x08002538                OCTOSPI2_IRQHandler
                0x08002538                SAI2_IRQHandler
                0x08002538                BDMA1_IRQHandler
                0x08002538                DFSDM1_FLT3_IRQHandler
                0x08002538                USART6_IRQHandler
                0x08002538                TIM17_IRQHandler
                0x08002538                USART3_IRQHandler
                0x08002538                LPTIM5_IRQHandler
                0x08002538                UART5_IRQHandler
                0x08002538                DMA2_Stream0_IRQHandler
                0x08002538                TIM4_IRQHandler
                0x08002538                I2C1_EV_IRQHandler
                0x08002538                DMA1_Stream6_IRQHandler
                0x08002538                DMAMUX1_OVR_IRQHandler
                0x08002538                DMA1_Stream1_IRQHandler
                0x08002538                TIM16_IRQHandler
                0x08002538                UART4_IRQHandler
                0x08002538                TIM3_IRQHandler
                0x08002538                RCC_IRQHandler
                0x08002538                UART9_IRQHandler
                0x08002538                TIM8_BRK_TIM12_IRQHandler
                0x08002538                TIM1_TRG_COM_IRQHandler
                0x08002538                Default_Handler
                0x08002538                ECC_IRQHandler
                0x08002538                BDMA2_Channel2_IRQHandler
                0x08002538                CEC_IRQHandler
                0x08002538                DFSDM1_FLT4_IRQHandler
                0x08002538                ADC_IRQHandler
                0x08002538                DMA1_Stream7_IRQHandler
                0x08002538                SPI5_IRQHandler
                0x08002538                TIM7_IRQHandler
                0x08002538                SDMMC1_IRQHandler
                0x08002538                TIM5_IRQHandler
                0x08002538                DMA2_Stream7_IRQHandler
                0x08002538                TIM15_IRQHandler
                0x08002538                I2C3_EV_IRQHandler
                0x08002538                DFSDM2_IRQHandler
                0x08002538                EXTI9_5_IRQHandler
                0x08002538                RTC_WKUP_IRQHandler
                0x08002538                LTDC_IRQHandler
                0x08002538                SPDIF_RX_IRQHandler
                0x08002538                PVD_PVM_IRQHandler
                0x08002538                SPI2_IRQHandler
                0x08002538                OTG_HS_EP1_IN_IRQHandler
                0x08002538                DFSDM1_FLT5_IRQHandler
                0x08002538                DMA1_Stream0_IRQHandler
                0x08002538                CRS_IRQHandler
                0x08002538                EXTI4_IRQHandler
                0x08002538                DFSDM1_FLT6_IRQHandler
                0x08002538                RNG_IRQHandler
                0x08002538                FDCAN2_IT1_IRQHandler
                0x08002538                COMP_IRQHandler
                0x08002538                TIM1_UP_IRQHandler
                0x08002538                OTG_HS_EP1_OUT_IRQHandler
                0x08002538                WWDG_IRQHandler
                0x08002538                SPI6_IRQHandler
                0x08002538                MDIOS_IRQHandler
                0x08002538                I2C4_EV_IRQHandler
                0x08002538                FDCAN2_IT0_IRQHandler
                0x08002538                LPUART1_IRQHandler
                0x08002538                FDCAN1_IT0_IRQHandler
                0x08002538                TIM2_IRQHandler
                0x08002538                BDMA2_Channel5_IRQHandler
                0x08002538                OTG_HS_IRQHandler
                0x08002538                DMA2D_IRQHandler
                0x08002538                TIM1_BRK_IRQHandler
                0x08002538                EXTI1_IRQHandler
                0x08002538                SDMMC2_IRQHandler
                0x08002538                DTS_IRQHandler
                0x08002538                UART7_IRQHandler
                0x08002538                MDIOS_WKUP_IRQHandler
                0x08002538                USART2_IRQHandler
                0x08002538                DFSDM1_FLT0_IRQHandler
                0x08002538                I2C2_ER_IRQHandler
                0x08002538                DMA2_Stream1_IRQHandler
                0x08002538                DFSDM1_FLT7_IRQHandler
                0x08002538                FLASH_IRQHandler
                0x08002538                DMA2_Stream4_IRQHandler
                0x08002538                USART1_IRQHandler
                0x08002538                SPI3_IRQHandler
                0x08002538                WAKEUP_PIN_IRQHandler
                0x08002538                DMA1_Stream4_IRQHandler
                0x08002538                I2C1_ER_IRQHandler
                0x08002538                FMC_IRQHandler
                0x08002538                BDMA2_Channel7_IRQHandler
                0x08002538                FDCAN_CAL_IRQHandler
                0x08002538                SWPMI1_IRQHandler
                0x08002538                LPTIM1_IRQHandler
                0x08002538                DCMI_PSSI_IRQHandler
                0x08002538                I2C4_ER_IRQHandler
                0x08002538                DMA2_Stream6_IRQHandler
                0x08002538                SAI1_IRQHandler
                0x08002538                DMA1_Stream3_IRQHandler
                0x08002538                RTC_TAMP_STAMP_CSS_LSE_IRQHandler
                0x08002538                BDMA2_Channel4_IRQHandler
 *fill*         0x0800253a        0x2 
 .text.BSP_LED_Init
                0x0800253c       0xec ./Drivers/BSP/STM32H7xx_Nucleo/stm32h7xx_nucleo.o
                0x0800253c                BSP_LED_Init
 .text.BSP_LED_On
                0x08002628       0x54 ./Drivers/BSP/STM32H7xx_Nucleo/stm32h7xx_nucleo.o
                0x08002628                BSP_LED_On
 .text.BSP_LED_Toggle
                0x0800267c       0x54 ./Drivers/BSP/STM32H7xx_Nucleo/stm32h7xx_nucleo.o
                0x0800267c                BSP_LED_Toggle
 .text.BSP_PB_Init
                0x080026d0       0xe4 ./Drivers/BSP/STM32H7xx_Nucleo/stm32h7xx_nucleo.o
                0x080026d0                BSP_PB_Init
 .text.BSP_PB_IRQHandler
                0x080027b4       0x24 ./Drivers/BSP/STM32H7xx_Nucleo/stm32h7xx_nucleo.o
                0x080027b4                BSP_PB_IRQHandler
 .text.BSP_COM_Init
                0x080027d8       0x60 ./Drivers/BSP/STM32H7xx_Nucleo/stm32h7xx_nucleo.o
                0x080027d8                BSP_COM_Init
 .text.MX_USART3_Init
                0x08002838       0x64 ./Drivers/BSP/STM32H7xx_Nucleo/stm32h7xx_nucleo.o
                0x08002838                MX_USART3_Init
 .text.BUTTON_USER_EXTI_Callback
                0x0800289c        0xe ./Drivers/BSP/STM32H7xx_Nucleo/stm32h7xx_nucleo.o
 *fill*         0x080028aa        0x2 
 .text.COM1_MspInit
                0x080028ac       0xb0 ./Drivers/BSP/STM32H7xx_Nucleo/stm32h7xx_nucleo.o
 .text.HAL_Init
                0x0800295c       0x78 ./Drivers/STM32H7xx_HAL_Driver/Src/stm32h7xx_hal.o
                0x0800295c                HAL_Init
 .text.HAL_InitTick
                0x080029d4       0x6c ./Drivers/STM32H7xx_HAL_Driver/Src/stm32h7xx_hal.o
                0x080029d4                HAL_InitTick
 .text.HAL_IncTick
                0x08002a40       0x28 ./Drivers/STM32H7xx_HAL_Driver/Src/stm32h7xx_hal.o
                0x08002a40                HAL_IncTick
 .text.HAL_GetTick
                0x08002a68       0x18 ./Drivers/STM32H7xx_HAL_Driver/Src/stm32h7xx_hal.o
                0x08002a68                HAL_GetTick
 .text.HAL_SYSCFG_AnalogSwitchConfig
                0x08002a80       0x2c ./Drivers/STM32H7xx_HAL_Driver/Src/stm32h7xx_hal.o
                0x08002a80                HAL_SYSCFG_AnalogSwitchConfig
 .text.__NVIC_SetPriorityGrouping
                0x08002aac       0x48 ./Drivers/STM32H7xx_HAL_Driver/Src/stm32h7xx_hal_cortex.o
 .text.__NVIC_GetPriorityGrouping
                0x08002af4       0x1c ./Drivers/STM32H7xx_HAL_Driver/Src/stm32h7xx_hal_cortex.o
 .text.__NVIC_EnableIRQ
                0x08002b10       0x3c ./Drivers/STM32H7xx_HAL_Driver/Src/stm32h7xx_hal_cortex.o
 .text.__NVIC_SetPriority
                0x08002b4c       0x54 ./Drivers/STM32H7xx_HAL_Driver/Src/stm32h7xx_hal_cortex.o
 .text.NVIC_EncodePriority
                0x08002ba0       0x66 ./Drivers/STM32H7xx_HAL_Driver/Src/stm32h7xx_hal_cortex.o
 *fill*         0x08002c06        0x2 
 .text.SysTick_Config
                0x08002c08       0x44 ./Drivers/STM32H7xx_HAL_Driver/Src/stm32h7xx_hal_cortex.o
 .text.HAL_NVIC_SetPriorityGrouping
                0x08002c4c       0x16 ./Drivers/STM32H7xx_HAL_Driver/Src/stm32h7xx_hal_cortex.o
                0x08002c4c                HAL_NVIC_SetPriorityGrouping
 .text.HAL_NVIC_SetPriority
                0x08002c62       0x34 ./Drivers/STM32H7xx_HAL_Driver/Src/stm32h7xx_hal_cortex.o
                0x08002c62                HAL_NVIC_SetPriority
 .text.HAL_NVIC_EnableIRQ
                0x08002c96       0x1c ./Drivers/STM32H7xx_HAL_Driver/Src/stm32h7xx_hal_cortex.o
                0x08002c96                HAL_NVIC_EnableIRQ
 .text.HAL_SYSTICK_Config
                0x08002cb2       0x18 ./Drivers/STM32H7xx_HAL_Driver/Src/stm32h7xx_hal_cortex.o
                0x08002cb2                HAL_SYSTICK_Config
 *fill*         0x08002cca        0x2 
 .text.HAL_MPU_Disable
                0x08002ccc       0x30 ./Drivers/STM32H7xx_HAL_Driver/Src/stm32h7xx_hal_cortex.o
                0x08002ccc                HAL_MPU_Disable
 .text.HAL_MPU_Enable
                0x08002cfc       0x40 ./Drivers/STM32H7xx_HAL_Driver/Src/stm32h7xx_hal_cortex.o
                0x08002cfc                HAL_MPU_Enable
 .text.HAL_MPU_ConfigRegion
                0x08002d3c       0x80 ./Drivers/STM32H7xx_HAL_Driver/Src/stm32h7xx_hal_cortex.o
                0x08002d3c                HAL_MPU_ConfigRegion
 .text.HAL_DAC_Init
                0x08002dbc       0x44 ./Drivers/STM32H7xx_HAL_Driver/Src/stm32h7xx_hal_dac.o
                0x08002dbc                HAL_DAC_Init
 .text.HAL_DAC_Start
                0x08002e00       0xae ./Drivers/STM32H7xx_HAL_Driver/Src/stm32h7xx_hal_dac.o
                0x08002e00                HAL_DAC_Start
 .text.HAL_DAC_SetValue
                0x08002eae       0x54 ./Drivers/STM32H7xx_HAL_Driver/Src/stm32h7xx_hal_dac.o
                0x08002eae                HAL_DAC_SetValue
 *fill*         0x08002f02        0x2 
 .text.HAL_DAC_ConfigChannel
                0x08002f04      0x28c ./Drivers/STM32H7xx_HAL_Driver/Src/stm32h7xx_hal_dac.o
                0x08002f04                HAL_DAC_ConfigChannel
 .text.HAL_EXTI_RegisterCallback
                0x08003190       0x3e ./Drivers/STM32H7xx_HAL_Driver/Src/stm32h7xx_hal_exti.o
                0x08003190                HAL_EXTI_RegisterCallback
 .text.HAL_EXTI_GetHandle
                0x080031ce       0x28 ./Drivers/STM32H7xx_HAL_Driver/Src/stm32h7xx_hal_exti.o
                0x080031ce                HAL_EXTI_GetHandle
 *fill*         0x080031f6        0x2 
 .text.HAL_EXTI_IRQHandler
                0x080031f8       0x60 ./Drivers/STM32H7xx_HAL_Driver/Src/stm32h7xx_hal_exti.o
                0x080031f8                HAL_EXTI_IRQHandler
 .text.HAL_GPIO_Init
                0x08003258      0x360 ./Drivers/STM32H7xx_HAL_Driver/Src/stm32h7xx_hal_gpio.o
                0x08003258                HAL_GPIO_Init
 .text.HAL_GPIO_WritePin
                0x080035b8       0x32 ./Drivers/STM32H7xx_HAL_Driver/Src/stm32h7xx_hal_gpio.o
                0x080035b8                HAL_GPIO_WritePin
 .text.HAL_GPIO_TogglePin
                0x080035ea       0x34 ./Drivers/STM32H7xx_HAL_Driver/Src/stm32h7xx_hal_gpio.o
                0x080035ea                HAL_GPIO_TogglePin
 *fill*         0x0800361e        0x2 
 .text.HAL_I2C_Init
                0x08003620      0x138 ./Drivers/STM32H7xx_HAL_Driver/Src/stm32h7xx_hal_i2c.o
                0x08003620                HAL_I2C_Init
 .text.HAL_I2C_Mem_Write
                0x08003758      0x228 ./Drivers/STM32H7xx_HAL_Driver/Src/stm32h7xx_hal_i2c.o
                0x08003758                HAL_I2C_Mem_Write
 .text.HAL_I2C_Mem_Read
                0x08003980      0x234 ./Drivers/STM32H7xx_HAL_Driver/Src/stm32h7xx_hal_i2c.o
                0x08003980                HAL_I2C_Mem_Read
 .text.I2C_RequestMemoryWrite
                0x08003bb4       0xa8 ./Drivers/STM32H7xx_HAL_Driver/Src/stm32h7xx_hal_i2c.o
 .text.I2C_RequestMemoryRead
                0x08003c5c       0xa8 ./Drivers/STM32H7xx_HAL_Driver/Src/stm32h7xx_hal_i2c.o
 .text.I2C_Flush_TXDR
                0x08003d04       0x48 ./Drivers/STM32H7xx_HAL_Driver/Src/stm32h7xx_hal_i2c.o
 .text.I2C_WaitOnFlagUntilTimeout
                0x08003d4c       0xb2 ./Drivers/STM32H7xx_HAL_Driver/Src/stm32h7xx_hal_i2c.o
 .text.I2C_WaitOnTXISFlagUntilTimeout
                0x08003dfe       0x8e ./Drivers/STM32H7xx_HAL_Driver/Src/stm32h7xx_hal_i2c.o
 .text.I2C_WaitOnSTOPFlagUntilTimeout
                0x08003e8c       0x86 ./Drivers/STM32H7xx_HAL_Driver/Src/stm32h7xx_hal_i2c.o
 *fill*         0x08003f12        0x2 
 .text.I2C_IsErrorOccurred
                0x08003f14      0x1c0 ./Drivers/STM32H7xx_HAL_Driver/Src/stm32h7xx_hal_i2c.o
 .text.I2C_TransferConfig
                0x080040d4       0x64 ./Drivers/STM32H7xx_HAL_Driver/Src/stm32h7xx_hal_i2c.o
 .text.HAL_I2CEx_ConfigAnalogFilter
                0x08004138       0x96 ./Drivers/STM32H7xx_HAL_Driver/Src/stm32h7xx_hal_i2c_ex.o
                0x08004138                HAL_I2CEx_ConfigAnalogFilter
 .text.HAL_I2CEx_ConfigDigitalFilter
                0x080041ce       0x98 ./Drivers/STM32H7xx_HAL_Driver/Src/stm32h7xx_hal_i2c_ex.o
                0x080041ce                HAL_I2CEx_ConfigDigitalFilter
 *fill*         0x08004266        0x2 
 .text.HAL_PWREx_ConfigSupply
                0x08004268       0xb4 ./Drivers/STM32H7xx_HAL_Driver/Src/stm32h7xx_hal_pwr_ex.o
                0x08004268                HAL_PWREx_ConfigSupply
 .text.HAL_RCC_OscConfig
                0x0800431c      0x864 ./Drivers/STM32H7xx_HAL_Driver/Src/stm32h7xx_hal_rcc.o
                0x0800431c                HAL_RCC_OscConfig
 .text.HAL_RCC_ClockConfig
                0x08004b80      0x36c ./Drivers/STM32H7xx_HAL_Driver/Src/stm32h7xx_hal_rcc.o
                0x08004b80                HAL_RCC_ClockConfig
 .text.HAL_RCC_GetSysClockFreq
                0x08004eec      0x2f4 ./Drivers/STM32H7xx_HAL_Driver/Src/stm32h7xx_hal_rcc.o
                0x08004eec                HAL_RCC_GetSysClockFreq
 .text.HAL_RCC_GetHCLKFreq
                0x080051e0       0x60 ./Drivers/STM32H7xx_HAL_Driver/Src/stm32h7xx_hal_rcc.o
                0x080051e0                HAL_RCC_GetHCLKFreq
 .text.HAL_RCC_GetPCLK1Freq
                0x08005240       0x2c ./Drivers/STM32H7xx_HAL_Driver/Src/stm32h7xx_hal_rcc.o
                0x08005240                HAL_RCC_GetPCLK1Freq
 .text.HAL_RCC_GetPCLK2Freq
                0x0800526c       0x2c ./Drivers/STM32H7xx_HAL_Driver/Src/stm32h7xx_hal_rcc.o
                0x0800526c                HAL_RCC_GetPCLK2Freq
 .text.HAL_RCCEx_PeriphCLKConfig
                0x08005298     0x137c ./Drivers/STM32H7xx_HAL_Driver/Src/stm32h7xx_hal_rcc_ex.o
                0x08005298                HAL_RCCEx_PeriphCLKConfig
 .text.HAL_RCCEx_GetD3PCLK1Freq
                0x08006614       0x2c ./Drivers/STM32H7xx_HAL_Driver/Src/stm32h7xx_hal_rcc_ex.o
                0x08006614                HAL_RCCEx_GetD3PCLK1Freq
 .text.HAL_RCCEx_GetPLL2ClockFreq
                0x08006640      0x2a8 ./Drivers/STM32H7xx_HAL_Driver/Src/stm32h7xx_hal_rcc_ex.o
                0x08006640                HAL_RCCEx_GetPLL2ClockFreq
 .text.HAL_RCCEx_GetPLL3ClockFreq
                0x080068e8      0x2a8 ./Drivers/STM32H7xx_HAL_Driver/Src/stm32h7xx_hal_rcc_ex.o
                0x080068e8                HAL_RCCEx_GetPLL3ClockFreq
 .text.RCCEx_PLL2_Config
                0x08006b90      0x164 ./Drivers/STM32H7xx_HAL_Driver/Src/stm32h7xx_hal_rcc_ex.o
 .text.RCCEx_PLL3_Config
                0x08006cf4      0x164 ./Drivers/STM32H7xx_HAL_Driver/Src/stm32h7xx_hal_rcc_ex.o
 .text.HAL_UART_Init
                0x08006e58       0xa0 ./Drivers/STM32H7xx_HAL_Driver/Src/stm32h7xx_hal_uart.o
                0x08006e58                HAL_UART_Init
 .text.HAL_UART_Transmit
                0x08006ef8      0x11c ./Drivers/STM32H7xx_HAL_Driver/Src/stm32h7xx_hal_uart.o
                0x08006ef8                HAL_UART_Transmit
 .text.UART_SetConfig
                0x08007014      0xcd8 ./Drivers/STM32H7xx_HAL_Driver/Src/stm32h7xx_hal_uart.o
                0x08007014                UART_SetConfig
 .text.UART_AdvFeatureConfig
                0x08007cec      0x144 ./Drivers/STM32H7xx_HAL_Driver/Src/stm32h7xx_hal_uart.o
                0x08007cec                UART_AdvFeatureConfig
 .text.UART_CheckIdleState
                0x08007e30      0x154 ./Drivers/STM32H7xx_HAL_Driver/Src/stm32h7xx_hal_uart.o
                0x08007e30                UART_CheckIdleState
 .text.UART_WaitOnFlagUntilTimeout
                0x08007f84       0xda ./Drivers/STM32H7xx_HAL_Driver/Src/stm32h7xx_hal_uart.o
                0x08007f84                UART_WaitOnFlagUntilTimeout
 *fill*         0x0800805e        0x2 
 .text.UART_EndRxTransfer
                0x08008060       0xcc ./Drivers/STM32H7xx_HAL_Driver/Src/stm32h7xx_hal_uart.o
 .text.HAL_UARTEx_DisableFifoMode
                0x0800812c       0x72 ./Drivers/STM32H7xx_HAL_Driver/Src/stm32h7xx_hal_uart_ex.o
                0x0800812c                HAL_UARTEx_DisableFifoMode
 .text.HAL_UARTEx_SetTxFifoThreshold
                0x0800819e       0x7c ./Drivers/STM32H7xx_HAL_Driver/Src/stm32h7xx_hal_uart_ex.o
                0x0800819e                HAL_UARTEx_SetTxFifoThreshold
 .text.HAL_UARTEx_SetRxFifoThreshold
                0x0800821a       0x7c ./Drivers/STM32H7xx_HAL_Driver/Src/stm32h7xx_hal_uart_ex.o
                0x0800821a                HAL_UARTEx_SetRxFifoThreshold
 *fill*         0x08008296        0x2 
 .text.UARTEx_SetNbDataToProcess
                0x08008298       0x9c ./Drivers/STM32H7xx_HAL_Driver/Src/stm32h7xx_hal_uart_ex.o
 .text.std      0x08008334       0x6c C:/ST/STM32CubeIDE_1.19.0/STM32CubeIDE/plugins/com.st.stm32cube.ide.mcu.externaltools.gnu-tools-for-stm32.13.3.rel1.win32_1.0.0.202411081344/tools/bin/../lib/gcc/arm-none-eabi/13.3.1/../../../../arm-none-eabi/lib/thumb/v7e-m+dp/hard\libc_nano.a(libc_a-findfp.o)
 .text.stdio_exit_handler
                0x080083a0       0x18 C:/ST/STM32CubeIDE_1.19.0/STM32CubeIDE/plugins/com.st.stm32cube.ide.mcu.externaltools.gnu-tools-for-stm32.13.3.rel1.win32_1.0.0.202411081344/tools/bin/../lib/gcc/arm-none-eabi/13.3.1/../../../../arm-none-eabi/lib/thumb/v7e-m+dp/hard\libc_nano.a(libc_a-findfp.o)
 .text.cleanup_stdio
                0x080083b8       0x40 C:/ST/STM32CubeIDE_1.19.0/STM32CubeIDE/plugins/com.st.stm32cube.ide.mcu.externaltools.gnu-tools-for-stm32.13.3.rel1.win32_1.0.0.202411081344/tools/bin/../lib/gcc/arm-none-eabi/13.3.1/../../../../arm-none-eabi/lib/thumb/v7e-m+dp/hard\libc_nano.a(libc_a-findfp.o)
 .text.global_stdio_init.part.0
                0x080083f8       0x3c C:/ST/STM32CubeIDE_1.19.0/STM32CubeIDE/plugins/com.st.stm32cube.ide.mcu.externaltools.gnu-tools-for-stm32.13.3.rel1.win32_1.0.0.202411081344/tools/bin/../lib/gcc/arm-none-eabi/13.3.1/../../../../arm-none-eabi/lib/thumb/v7e-m+dp/hard\libc_nano.a(libc_a-findfp.o)
 .text.__sfp_lock_acquire
                0x08008434        0xc C:/ST/STM32CubeIDE_1.19.0/STM32CubeIDE/plugins/com.st.stm32cube.ide.mcu.externaltools.gnu-tools-for-stm32.13.3.rel1.win32_1.0.0.202411081344/tools/bin/../lib/gcc/arm-none-eabi/13.3.1/../../../../arm-none-eabi/lib/thumb/v7e-m+dp/hard\libc_nano.a(libc_a-findfp.o)
                0x08008434                __sfp_lock_acquire
 .text.__sfp_lock_release
                0x08008440        0xc C:/ST/STM32CubeIDE_1.19.0/STM32CubeIDE/plugins/com.st.stm32cube.ide.mcu.externaltools.gnu-tools-for-stm32.13.3.rel1.win32_1.0.0.202411081344/tools/bin/../lib/gcc/arm-none-eabi/13.3.1/../../../../arm-none-eabi/lib/thumb/v7e-m+dp/hard\libc_nano.a(libc_a-findfp.o)
                0x08008440                __sfp_lock_release
 .text.__sinit  0x0800844c       0x30 C:/ST/STM32CubeIDE_1.19.0/STM32CubeIDE/plugins/com.st.stm32cube.ide.mcu.externaltools.gnu-tools-for-stm32.13.3.rel1.win32_1.0.0.202411081344/tools/bin/../lib/gcc/arm-none-eabi/13.3.1/../../../../arm-none-eabi/lib/thumb/v7e-m+dp/hard\libc_nano.a(libc_a-findfp.o)
                0x0800844c                __sinit
 .text._fwalk_sglue
                0x0800847c       0x3c C:/ST/STM32CubeIDE_1.19.0/STM32CubeIDE/plugins/com.st.stm32cube.ide.mcu.externaltools.gnu-tools-for-stm32.13.3.rel1.win32_1.0.0.202411081344/tools/bin/../lib/gcc/arm-none-eabi/13.3.1/../../../../arm-none-eabi/lib/thumb/v7e-m+dp/hard\libc_nano.a(libc_a-fwalk.o)
                0x0800847c                _fwalk_sglue
 .text.printf   0x080084b8       0x24 C:/ST/STM32CubeIDE_1.19.0/STM32CubeIDE/plugins/com.st.stm32cube.ide.mcu.externaltools.gnu-tools-for-stm32.13.3.rel1.win32_1.0.0.202411081344/tools/bin/../lib/gcc/arm-none-eabi/13.3.1/../../../../arm-none-eabi/lib/thumb/v7e-m+dp/hard\libc_nano.a(libc_a-printf.o)
                0x080084b8                iprintf
                0x080084b8                printf
 .text._puts_r  0x080084dc       0xaa C:/ST/STM32CubeIDE_1.19.0/STM32CubeIDE/plugins/com.st.stm32cube.ide.mcu.externaltools.gnu-tools-for-stm32.13.3.rel1.win32_1.0.0.202411081344/tools/bin/../lib/gcc/arm-none-eabi/13.3.1/../../../../arm-none-eabi/lib/thumb/v7e-m+dp/hard\libc_nano.a(libc_a-puts.o)
                0x080084dc                _puts_r
 *fill*         0x08008586        0x2 
 .text.puts     0x08008588       0x10 C:/ST/STM32CubeIDE_1.19.0/STM32CubeIDE/plugins/com.st.stm32cube.ide.mcu.externaltools.gnu-tools-for-stm32.13.3.rel1.win32_1.0.0.202411081344/tools/bin/../lib/gcc/arm-none-eabi/13.3.1/../../../../arm-none-eabi/lib/thumb/v7e-m+dp/hard\libc_nano.a(libc_a-puts.o)
                0x08008588                puts
 .text.__sread  0x08008598       0x22 C:/ST/STM32CubeIDE_1.19.0/STM32CubeIDE/plugins/com.st.stm32cube.ide.mcu.externaltools.gnu-tools-for-stm32.13.3.rel1.win32_1.0.0.202411081344/tools/bin/../lib/gcc/arm-none-eabi/13.3.1/../../../../arm-none-eabi/lib/thumb/v7e-m+dp/hard\libc_nano.a(libc_a-stdio.o)
                0x08008598                __sread
 .text.__swrite
                0x080085ba       0x38 C:/ST/STM32CubeIDE_1.19.0/STM32CubeIDE/plugins/com.st.stm32cube.ide.mcu.externaltools.gnu-tools-for-stm32.13.3.rel1.win32_1.0.0.202411081344/tools/bin/../lib/gcc/arm-none-eabi/13.3.1/../../../../arm-none-eabi/lib/thumb/v7e-m+dp/hard\libc_nano.a(libc_a-stdio.o)
                0x080085ba                __swrite
 .text.__sseek  0x080085f2       0x24 C:/ST/STM32CubeIDE_1.19.0/STM32CubeIDE/plugins/com.st.stm32cube.ide.mcu.externaltools.gnu-tools-for-stm32.13.3.rel1.win32_1.0.0.202411081344/tools/bin/../lib/gcc/arm-none-eabi/13.3.1/../../../../arm-none-eabi/lib/thumb/v7e-m+dp/hard\libc_nano.a(libc_a-stdio.o)
                0x080085f2                __sseek
 .text.__sclose
                0x08008616        0x8 C:/ST/STM32CubeIDE_1.19.0/STM32CubeIDE/plugins/com.st.stm32cube.ide.mcu.externaltools.gnu-tools-for-stm32.13.3.rel1.win32_1.0.0.202411081344/tools/bin/../lib/gcc/arm-none-eabi/13.3.1/../../../../arm-none-eabi/lib/thumb/v7e-m+dp/hard\libc_nano.a(libc_a-stdio.o)
                0x08008616                __sclose
 .text.__swbuf_r
                0x0800861e       0x7c C:/ST/STM32CubeIDE_1.19.0/STM32CubeIDE/plugins/com.st.stm32cube.ide.mcu.externaltools.gnu-tools-for-stm32.13.3.rel1.win32_1.0.0.202411081344/tools/bin/../lib/gcc/arm-none-eabi/13.3.1/../../../../arm-none-eabi/lib/thumb/v7e-m+dp/hard\libc_nano.a(libc_a-wbuf.o)
                0x0800861e                __swbuf_r
 *fill*         0x0800869a        0x2 
 .text.__swsetup_r
                0x0800869c       0xac C:/ST/STM32CubeIDE_1.19.0/STM32CubeIDE/plugins/com.st.stm32cube.ide.mcu.externaltools.gnu-tools-for-stm32.13.3.rel1.win32_1.0.0.202411081344/tools/bin/../lib/gcc/arm-none-eabi/13.3.1/../../../../arm-none-eabi/lib/thumb/v7e-m+dp/hard\libc_nano.a(libc_a-wsetup.o)
                0x0800869c                __swsetup_r
 .text.memset   0x08008748       0x10 C:/ST/STM32CubeIDE_1.19.0/STM32CubeIDE/plugins/com.st.stm32cube.ide.mcu.externaltools.gnu-tools-for-stm32.13.3.rel1.win32_1.0.0.202411081344/tools/bin/../lib/gcc/arm-none-eabi/13.3.1/../../../../arm-none-eabi/lib/thumb/v7e-m+dp/hard\libc_nano.a(libc_a-memset.o)
                0x08008748                memset
 .text._close_r
                0x08008758       0x20 C:/ST/STM32CubeIDE_1.19.0/STM32CubeIDE/plugins/com.st.stm32cube.ide.mcu.externaltools.gnu-tools-for-stm32.13.3.rel1.win32_1.0.0.202411081344/tools/bin/../lib/gcc/arm-none-eabi/13.3.1/../../../../arm-none-eabi/lib/thumb/v7e-m+dp/hard\libc_nano.a(libc_a-closer.o)
                0x08008758                _close_r
 .text._lseek_r
                0x08008778       0x24 C:/ST/STM32CubeIDE_1.19.0/STM32CubeIDE/plugins/com.st.stm32cube.ide.mcu.externaltools.gnu-tools-for-stm32.13.3.rel1.win32_1.0.0.202411081344/tools/bin/../lib/gcc/arm-none-eabi/13.3.1/../../../../arm-none-eabi/lib/thumb/v7e-m+dp/hard\libc_nano.a(libc_a-lseekr.o)
                0x08008778                _lseek_r
 .text._read_r  0x0800879c       0x24 C:/ST/STM32CubeIDE_1.19.0/STM32CubeIDE/plugins/com.st.stm32cube.ide.mcu.externaltools.gnu-tools-for-stm32.13.3.rel1.win32_1.0.0.202411081344/tools/bin/../lib/gcc/arm-none-eabi/13.3.1/../../../../arm-none-eabi/lib/thumb/v7e-m+dp/hard\libc_nano.a(libc_a-readr.o)
                0x0800879c                _read_r
 .text._write_r
                0x080087c0       0x24 C:/ST/STM32CubeIDE_1.19.0/STM32CubeIDE/plugins/com.st.stm32cube.ide.mcu.externaltools.gnu-tools-for-stm32.13.3.rel1.win32_1.0.0.202411081344/tools/bin/../lib/gcc/arm-none-eabi/13.3.1/../../../../arm-none-eabi/lib/thumb/v7e-m+dp/hard\libc_nano.a(libc_a-writer.o)
                0x080087c0                _write_r
 .text.__errno  0x080087e4        0xc C:/ST/STM32CubeIDE_1.19.0/STM32CubeIDE/plugins/com.st.stm32cube.ide.mcu.externaltools.gnu-tools-for-stm32.13.3.rel1.win32_1.0.0.202411081344/tools/bin/../lib/gcc/arm-none-eabi/13.3.1/../../../../arm-none-eabi/lib/thumb/v7e-m+dp/hard\libc_nano.a(libc_a-errno.o)
                0x080087e4                __errno
 .text.__libc_init_array
                0x080087f0       0x48 C:/ST/STM32CubeIDE_1.19.0/STM32CubeIDE/plugins/com.st.stm32cube.ide.mcu.externaltools.gnu-tools-for-stm32.13.3.rel1.win32_1.0.0.202411081344/tools/bin/../lib/gcc/arm-none-eabi/13.3.1/../../../../arm-none-eabi/lib/thumb/v7e-m+dp/hard\libc_nano.a(libc_a-init.o)
                0x080087f0                __libc_init_array
 .text.__retarget_lock_init_recursive
                0x08008838        0x2 C:/ST/STM32CubeIDE_1.19.0/STM32CubeIDE/plugins/com.st.stm32cube.ide.mcu.externaltools.gnu-tools-for-stm32.13.3.rel1.win32_1.0.0.202411081344/tools/bin/../lib/gcc/arm-none-eabi/13.3.1/../../../../arm-none-eabi/lib/thumb/v7e-m+dp/hard\libc_nano.a(libc_a-lock.o)
                0x08008838                __retarget_lock_init_recursive
 .text.__retarget_lock_acquire_recursive
                0x0800883a        0x2 C:/ST/STM32CubeIDE_1.19.0/STM32CubeIDE/plugins/com.st.stm32cube.ide.mcu.externaltools.gnu-tools-for-stm32.13.3.rel1.win32_1.0.0.202411081344/tools/bin/../lib/gcc/arm-none-eabi/13.3.1/../../../../arm-none-eabi/lib/thumb/v7e-m+dp/hard\libc_nano.a(libc_a-lock.o)
                0x0800883a                __retarget_lock_acquire_recursive
 .text.__retarget_lock_release_recursive
                0x0800883c        0x2 C:/ST/STM32CubeIDE_1.19.0/STM32CubeIDE/plugins/com.st.stm32cube.ide.mcu.externaltools.gnu-tools-for-stm32.13.3.rel1.win32_1.0.0.202411081344/tools/bin/../lib/gcc/arm-none-eabi/13.3.1/../../../../arm-none-eabi/lib/thumb/v7e-m+dp/hard\libc_nano.a(libc_a-lock.o)
                0x0800883c                __retarget_lock_release_recursive
 *fill*         0x0800883e        0x2 
 .text._free_r  0x08008840       0x94 C:/ST/STM32CubeIDE_1.19.0/STM32CubeIDE/plugins/com.st.stm32cube.ide.mcu.externaltools.gnu-tools-for-stm32.13.3.rel1.win32_1.0.0.202411081344/tools/bin/../lib/gcc/arm-none-eabi/13.3.1/../../../../arm-none-eabi/lib/thumb/v7e-m+dp/hard\libc_nano.a(libc_a-freer.o)
                0x08008840                _free_r
 .text.sbrk_aligned
                0x080088d4       0x44 C:/ST/STM32CubeIDE_1.19.0/STM32CubeIDE/plugins/com.st.stm32cube.ide.mcu.externaltools.gnu-tools-for-stm32.13.3.rel1.win32_1.0.0.202411081344/tools/bin/../lib/gcc/arm-none-eabi/13.3.1/../../../../arm-none-eabi/lib/thumb/v7e-m+dp/hard\libc_nano.a(libc_a-mallocr.o)
 .text._malloc_r
                0x08008918      0x100 C:/ST/STM32CubeIDE_1.19.0/STM32CubeIDE/plugins/com.st.stm32cube.ide.mcu.externaltools.gnu-tools-for-stm32.13.3.rel1.win32_1.0.0.202411081344/tools/bin/../lib/gcc/arm-none-eabi/13.3.1/../../../../arm-none-eabi/lib/thumb/v7e-m+dp/hard\libc_nano.a(libc_a-mallocr.o)
                0x08008918                _malloc_r
 .text.__malloc_lock
                0x08008a18        0xc C:/ST/STM32CubeIDE_1.19.0/STM32CubeIDE/plugins/com.st.stm32cube.ide.mcu.externaltools.gnu-tools-for-stm32.13.3.rel1.win32_1.0.0.202411081344/tools/bin/../lib/gcc/arm-none-eabi/13.3.1/../../../../arm-none-eabi/lib/thumb/v7e-m+dp/hard\libc_nano.a(libc_a-mlock.o)
                0x08008a18                __malloc_lock
 .text.__malloc_unlock
                0x08008a24        0xc C:/ST/STM32CubeIDE_1.19.0/STM32CubeIDE/plugins/com.st.stm32cube.ide.mcu.externaltools.gnu-tools-for-stm32.13.3.rel1.win32_1.0.0.202411081344/tools/bin/../lib/gcc/arm-none-eabi/13.3.1/../../../../arm-none-eabi/lib/thumb/v7e-m+dp/hard\libc_nano.a(libc_a-mlock.o)
                0x08008a24                __malloc_unlock
 .text.__sfputc_r
                0x08008a30       0x2e C:/ST/STM32CubeIDE_1.19.0/STM32CubeIDE/plugins/com.st.stm32cube.ide.mcu.externaltools.gnu-tools-for-stm32.13.3.rel1.win32_1.0.0.202411081344/tools/bin/../lib/gcc/arm-none-eabi/13.3.1/../../../../arm-none-eabi/lib/thumb/v7e-m+dp/hard\libc_nano.a(libc_a-nano-vfprintf.o)
 .text.__sfputs_r
                0x08008a5e       0x24 C:/ST/STM32CubeIDE_1.19.0/STM32CubeIDE/plugins/com.st.stm32cube.ide.mcu.externaltools.gnu-tools-for-stm32.13.3.rel1.win32_1.0.0.202411081344/tools/bin/../lib/gcc/arm-none-eabi/13.3.1/../../../../arm-none-eabi/lib/thumb/v7e-m+dp/hard\libc_nano.a(libc_a-nano-vfprintf.o)
                0x08008a5e                __sfputs_r
 *fill*         0x08008a82        0x2 
 .text._vfprintf_r
                0x08008a84      0x230 C:/ST/STM32CubeIDE_1.19.0/STM32CubeIDE/plugins/com.st.stm32cube.ide.mcu.externaltools.gnu-tools-for-stm32.13.3.rel1.win32_1.0.0.202411081344/tools/bin/../lib/gcc/arm-none-eabi/13.3.1/../../../../arm-none-eabi/lib/thumb/v7e-m+dp/hard\libc_nano.a(libc_a-nano-vfprintf.o)
                0x08008a84                _vfprintf_r
                0x08008a84                _vfiprintf_r
 .text._printf_common
                0x08008cb4       0xda C:/ST/STM32CubeIDE_1.19.0/STM32CubeIDE/plugins/com.st.stm32cube.ide.mcu.externaltools.gnu-tools-for-stm32.13.3.rel1.win32_1.0.0.202411081344/tools/bin/../lib/gcc/arm-none-eabi/13.3.1/../../../../arm-none-eabi/lib/thumb/v7e-m+dp/hard\libc_nano.a(libc_a-nano-vfprintf_i.o)
                0x08008cb4                _printf_common
 *fill*         0x08008d8e        0x2 
 .text._printf_i
                0x08008d90      0x23c C:/ST/STM32CubeIDE_1.19.0/STM32CubeIDE/plugins/com.st.stm32cube.ide.mcu.externaltools.gnu-tools-for-stm32.13.3.rel1.win32_1.0.0.202411081344/tools/bin/../lib/gcc/arm-none-eabi/13.3.1/../../../../arm-none-eabi/lib/thumb/v7e-m+dp/hard\libc_nano.a(libc_a-nano-vfprintf_i.o)
                0x08008d90                _printf_i
 .text.__sflush_r
                0x08008fcc      0x108 C:/ST/STM32CubeIDE_1.19.0/STM32CubeIDE/plugins/com.st.stm32cube.ide.mcu.externaltools.gnu-tools-for-stm32.13.3.rel1.win32_1.0.0.202411081344/tools/bin/../lib/gcc/arm-none-eabi/13.3.1/../../../../arm-none-eabi/lib/thumb/v7e-m+dp/hard\libc_nano.a(libc_a-fflush.o)
                0x08008fcc                __sflush_r
 .text._fflush_r
                0x080090d4       0x50 C:/ST/STM32CubeIDE_1.19.0/STM32CubeIDE/plugins/com.st.stm32cube.ide.mcu.externaltools.gnu-tools-for-stm32.13.3.rel1.win32_1.0.0.202411081344/tools/bin/../lib/gcc/arm-none-eabi/13.3.1/../../../../arm-none-eabi/lib/thumb/v7e-m+dp/hard\libc_nano.a(libc_a-fflush.o)
                0x080090d4                _fflush_r
 .text.__swhatbuf_r
                0x08009124       0x4c C:/ST/STM32CubeIDE_1.19.0/STM32CubeIDE/plugins/com.st.stm32cube.ide.mcu.externaltools.gnu-tools-for-stm32.13.3.rel1.win32_1.0.0.202411081344/tools/bin/../lib/gcc/arm-none-eabi/13.3.1/../../../../arm-none-eabi/lib/thumb/v7e-m+dp/hard\libc_nano.a(libc_a-makebuf.o)
                0x08009124                __swhatbuf_r
 .text.__smakebuf_r
                0x08009170       0x78 C:/ST/STM32CubeIDE_1.19.0/STM32CubeIDE/plugins/com.st.stm32cube.ide.mcu.externaltools.gnu-tools-for-stm32.13.3.rel1.win32_1.0.0.202411081344/tools/bin/../lib/gcc/arm-none-eabi/13.3.1/../../../../arm-none-eabi/lib/thumb/v7e-m+dp/hard\libc_nano.a(libc_a-makebuf.o)
                0x08009170                __smakebuf_r
 .text._fstat_r
                0x080091e8       0x24 C:/ST/STM32CubeIDE_1.19.0/STM32CubeIDE/plugins/com.st.stm32cube.ide.mcu.externaltools.gnu-tools-for-stm32.13.3.rel1.win32_1.0.0.202411081344/tools/bin/../lib/gcc/arm-none-eabi/13.3.1/../../../../arm-none-eabi/lib/thumb/v7e-m+dp/hard\libc_nano.a(libc_a-fstatr.o)
                0x080091e8                _fstat_r
 .text._isatty_r
                0x0800920c       0x20 C:/ST/STM32CubeIDE_1.19.0/STM32CubeIDE/plugins/com.st.stm32cube.ide.mcu.externaltools.gnu-tools-for-stm32.13.3.rel1.win32_1.0.0.202411081344/tools/bin/../lib/gcc/arm-none-eabi/13.3.1/../../../../arm-none-eabi/lib/thumb/v7e-m+dp/hard\libc_nano.a(libc_a-isattyr.o)
                0x0800920c                _isatty_r
 .text._sbrk_r  0x0800922c       0x20 C:/ST/STM32CubeIDE_1.19.0/STM32CubeIDE/plugins/com.st.stm32cube.ide.mcu.externaltools.gnu-tools-for-stm32.13.3.rel1.win32_1.0.0.202411081344/tools/bin/../lib/gcc/arm-none-eabi/13.3.1/../../../../arm-none-eabi/lib/thumb/v7e-m+dp/hard\libc_nano.a(libc_a-sbrkr.o)
                0x0800922c                _sbrk_r
 *(.glue_7)
 .glue_7        0x0800924c        0x0 linker stubs
 *(.glue_7t)
 .glue_7t       0x0800924c        0x0 linker stubs
 *(.eh_frame)
 .eh_frame      0x0800924c        0x0 C:/ST/STM32CubeIDE_1.19.0/STM32CubeIDE/plugins/com.st.stm32cube.ide.mcu.externaltools.gnu-tools-for-stm32.13.3.rel1.win32_1.0.0.202411081344/tools/bin/../lib/gcc/arm-none-eabi/13.3.1/thumb/v7e-m+dp/hard/crtbegin.o
 *(.init)
 .init          0x0800924c        0x4 C:/ST/STM32CubeIDE_1.19.0/STM32CubeIDE/plugins/com.st.stm32cube.ide.mcu.externaltools.gnu-tools-for-stm32.13.3.rel1.win32_1.0.0.202411081344/tools/bin/../lib/gcc/arm-none-eabi/13.3.1/thumb/v7e-m+dp/hard/crti.o
                0x0800924c                _init
 .init          0x08009250        0x8 C:/ST/STM32CubeIDE_1.19.0/STM32CubeIDE/plugins/com.st.stm32cube.ide.mcu.externaltools.gnu-tools-for-stm32.13.3.rel1.win32_1.0.0.202411081344/tools/bin/../lib/gcc/arm-none-eabi/13.3.1/thumb/v7e-m+dp/hard/crtn.o
 *(.fini)
 .fini          0x08009258        0x4 C:/ST/STM32CubeIDE_1.19.0/STM32CubeIDE/plugins/com.st.stm32cube.ide.mcu.externaltools.gnu-tools-for-stm32.13.3.rel1.win32_1.0.0.202411081344/tools/bin/../lib/gcc/arm-none-eabi/13.3.1/thumb/v7e-m+dp/hard/crti.o
                0x08009258                _fini
 .fini          0x0800925c        0x8 C:/ST/STM32CubeIDE_1.19.0/STM32CubeIDE/plugins/com.st.stm32cube.ide.mcu.externaltools.gnu-tools-for-stm32.13.3.rel1.win32_1.0.0.202411081344/tools/bin/../lib/gcc/arm-none-eabi/13.3.1/thumb/v7e-m+dp/hard/crtn.o
                0x08009264                        . = ALIGN (0x4)
                0x08009264                        _etext = .

.vfp11_veneer   0x08009264        0x0
 .vfp11_veneer  0x08009264        0x0 linker stubs

.v4_bx          0x08009264        0x0
 .v4_bx         0x08009264        0x0 linker stubs

.iplt           0x08009264        0x0
 .iplt          0x08009264        0x0 C:/ST/STM32CubeIDE_1.19.0/STM32CubeIDE/plugins/com.st.stm32cube.ide.mcu.externaltools.gnu-tools-for-stm32.13.3.rel1.win32_1.0.0.202411081344/tools/bin/../lib/gcc/arm-none-eabi/13.3.1/thumb/v7e-m+dp/hard/crtbegin.o

.rodata         0x08009264      0x124
                0x08009264                        . = ALIGN (0x4)
 *(.rodata)
 .rodata        0x08009264       0x8f ./Core/Src/App/Battery_Monitor/Battery_read.o
 *fill*         0x080092f3        0x1 
 .rodata        0x080092f4       0x1b ./Core/Src/main.o
 *(.rodata*)
 *fill*         0x0800930f        0x1 
 .rodata.D1CorePrescTable
                0x08009310       0x10 ./Core/Src/system_stm32h7xx.o
                0x08009310                D1CorePrescTable
 .rodata.LED_PIN
                0x08009320        0x6 ./Drivers/BSP/STM32H7xx_Nucleo/stm32h7xx_nucleo.o
 *fill*         0x08009326        0x2 
 .rodata.BUTTON_EXTI_LINE.2
                0x08009328        0x4 ./Drivers/BSP/STM32H7xx_Nucleo/stm32h7xx_nucleo.o
 .rodata.UARTPrescTable
                0x0800932c       0x18 ./Drivers/STM32H7xx_HAL_Driver/Src/stm32h7xx_hal_uart.o
                0x0800932c                UARTPrescTable
 .rodata.numerator.1
                0x08009344        0x8 ./Drivers/STM32H7xx_HAL_Driver/Src/stm32h7xx_hal_uart_ex.o
 .rodata.denominator.0
                0x0800934c        0x8 ./Drivers/STM32H7xx_HAL_Driver/Src/stm32h7xx_hal_uart_ex.o
 .rodata._vfprintf_r.str1.1
                0x08009354       0x33 C:/ST/STM32CubeIDE_1.19.0/STM32CubeIDE/plugins/com.st.stm32cube.ide.mcu.externaltools.gnu-tools-for-stm32.13.3.rel1.win32_1.0.0.202411081344/tools/bin/../lib/gcc/arm-none-eabi/13.3.1/../../../../arm-none-eabi/lib/thumb/v7e-m+dp/hard\libc_nano.a(libc_a-nano-vfprintf.o)
                                 0x11 (size before relaxing)
 .rodata._printf_i.str1.1
                0x08009387       0x22 C:/ST/STM32CubeIDE_1.19.0/STM32CubeIDE/plugins/com.st.stm32cube.ide.mcu.externaltools.gnu-tools-for-stm32.13.3.rel1.win32_1.0.0.202411081344/tools/bin/../lib/gcc/arm-none-eabi/13.3.1/../../../../arm-none-eabi/lib/thumb/v7e-m+dp/hard\libc_nano.a(libc_a-nano-vfprintf_i.o)
                0x080093ac                        . = ALIGN (0x4)
 *fill*         0x08009387        0x1 

.ARM.extab
 *(.ARM.extab* .gnu.linkonce.armextab.*)

.ARM            0x08009388        0x8
                0x08009388                        __exidx_start = .
 *(.ARM.exidx*)
 .ARM.exidx     0x08009388        0x8 C:/ST/STM32CubeIDE_1.19.0/STM32CubeIDE/plugins/com.st.stm32cube.ide.mcu.externaltools.gnu-tools-for-stm32.13.3.rel1.win32_1.0.0.202411081344/tools/bin/../lib/gcc/arm-none-eabi/13.3.1/../../../../arm-none-eabi/lib/thumb/v7e-m+dp/hard\libc_nano.a(libc_a-memchr.o)
 .ARM.exidx     0x08009390        0x0 C:/ST/STM32CubeIDE_1.19.0/STM32CubeIDE/plugins/com.st.stm32cube.ide.mcu.externaltools.gnu-tools-for-stm32.13.3.rel1.win32_1.0.0.202411081344/tools/bin/../lib/gcc/arm-none-eabi/13.3.1/thumb/v7e-m+dp/hard\libgcc.a(_udivmoddi4.o)
                                  0x8 (size before relaxing)
                0x08009390                        __exidx_end = .

.preinit_array  0x08009390        0x0
                0x08009390                        PROVIDE (__preinit_array_start = .)
 *(.preinit_array*)
                0x08009390                        PROVIDE (__preinit_array_end = .)

.init_array     0x08009390        0xc
                0x08009390                        PROVIDE (__init_array_start = .)
 *(SORT_BY_NAME(.init_array.*))
 *(.init_array*)
 .init_array    0x08009390        0x4 C:/ST/STM32CubeIDE_1.19.0/STM32CubeIDE/plugins/com.st.stm32cube.ide.mcu.externaltools.gnu-tools-for-stm32.13.3.rel1.win32_1.0.0.202411081344/tools/bin/../lib/gcc/arm-none-eabi/13.3.1/thumb/v7e-m+dp/hard/crtbegin.o
 .init_array    0x08009394        0x4 ./Core/Src/App/Battery_Monitor/Battery_read.o
 .init_array    0x08009398        0x4 ./Core/Src/App/Motor_control/Motor_run.o
                0x0800939c                        PROVIDE (__init_array_end = .)

.fini_array     0x0800939c        0x4
                [!provide]                        PROVIDE (__fini_array_start = .)
 *(SORT_BY_NAME(.fini_array.*))
 *(.fini_array*)
 .fini_array    0x0800939c        0x4 C:/ST/STM32CubeIDE_1.19.0/STM32CubeIDE/plugins/com.st.stm32cube.ide.mcu.externaltools.gnu-tools-for-stm32.13.3.rel1.win32_1.0.0.202411081344/tools/bin/../lib/gcc/arm-none-eabi/13.3.1/thumb/v7e-m+dp/hard/crtbegin.o
                [!provide]                        PROVIDE (__fini_array_end = .)
                0x080093a0                        _sidata = LOADADDR (.data)

.rel.dyn        0x080093a0        0x0
 .rel.iplt      0x080093a0        0x0 C:/ST/STM32CubeIDE_1.19.0/STM32CubeIDE/plugins/com.st.stm32cube.ide.mcu.externaltools.gnu-tools-for-stm32.13.3.rel1.win32_1.0.0.202411081344/tools/bin/../lib/gcc/arm-none-eabi/13.3.1/thumb/v7e-m+dp/hard/crtbegin.o

.data           0x24000000       0x88 load address 0x080093a0
                0x24000000                        . = ALIGN (0x4)
                0x24000000                        _sdata = .
 *(.data)
 *(.data*)
 .data.SystemCoreClock
                0x24000000        0x4 ./Core/Src/system_stm32h7xx.o
                0x24000000                SystemCoreClock
 .data.SystemD2Clock
                0x24000004        0x4 ./Core/Src/system_stm32h7xx.o
                0x24000004                SystemD2Clock
 .data.COM_USART
                0x24000008        0x4 ./Drivers/BSP/STM32H7xx_Nucleo/stm32h7xx_nucleo.o
                0x24000008                COM_USART
 .data.LED_PORT
                0x2400000c        0xc ./Drivers/BSP/STM32H7xx_Nucleo/stm32h7xx_nucleo.o
 .data.BUTTON_PORT
                0x24000018        0x4 ./Drivers/BSP/STM32H7xx_Nucleo/stm32h7xx_nucleo.o
 .data.ButtonCallback.1
                0x2400001c        0x4 ./Drivers/BSP/STM32H7xx_Nucleo/stm32h7xx_nucleo.o
 .data.BSP_BUTTON_PRIO.0
                0x24000020        0x4 ./Drivers/BSP/STM32H7xx_Nucleo/stm32h7xx_nucleo.o
 .data.uwTickPrio
                0x24000024        0x4 ./Drivers/STM32H7xx_HAL_Driver/Src/stm32h7xx_hal.o
                0x24000024                uwTickPrio
 .data.uwTickFreq
                0x24000028        0x1 ./Drivers/STM32H7xx_HAL_Driver/Src/stm32h7xx_hal.o
                0x24000028                uwTickFreq
 *fill*         0x24000029        0x3 
 .data.__sglue  0x2400002c        0xc C:/ST/STM32CubeIDE_1.19.0/STM32CubeIDE/plugins/com.st.stm32cube.ide.mcu.externaltools.gnu-tools-for-stm32.13.3.rel1.win32_1.0.0.202411081344/tools/bin/../lib/gcc/arm-none-eabi/13.3.1/../../../../arm-none-eabi/lib/thumb/v7e-m+dp/hard\libc_nano.a(libc_a-findfp.o)
                0x2400002c                __sglue
 .data._impure_ptr
                0x24000038        0x4 C:/ST/STM32CubeIDE_1.19.0/STM32CubeIDE/plugins/com.st.stm32cube.ide.mcu.externaltools.gnu-tools-for-stm32.13.3.rel1.win32_1.0.0.202411081344/tools/bin/../lib/gcc/arm-none-eabi/13.3.1/../../../../arm-none-eabi/lib/thumb/v7e-m+dp/hard\libc_nano.a(libc_a-impure.o)
                0x24000038                _impure_ptr
 .data._impure_data
                0x2400003c       0x4c C:/ST/STM32CubeIDE_1.19.0/STM32CubeIDE/plugins/com.st.stm32cube.ide.mcu.externaltools.gnu-tools-for-stm32.13.3.rel1.win32_1.0.0.202411081344/tools/bin/../lib/gcc/arm-none-eabi/13.3.1/../../../../arm-none-eabi/lib/thumb/v7e-m+dp/hard\libc_nano.a(libc_a-impure.o)
                0x2400003c                _impure_data
 *(.RamFunc)
 *(.RamFunc*)
                0x24000088                        . = ALIGN (0x4)
                0x24000088                        _edata = .

.igot.plt       0x24000088        0x0 load address 0x08009428
 .igot.plt      0x24000088        0x0 C:/ST/STM32CubeIDE_1.19.0/STM32CubeIDE/plugins/com.st.stm32cube.ide.mcu.externaltools.gnu-tools-for-stm32.13.3.rel1.win32_1.0.0.202411081344/tools/bin/../lib/gcc/arm-none-eabi/13.3.1/thumb/v7e-m+dp/hard/crtbegin.o
                0x24000088                        . = ALIGN (0x4)

.bss            0x24000088      0x3ec load address 0x08009428
                0x24000088                        _sbss = .
                0x24000088                        __bss_start__ = _sbss
 *(.bss)
 .bss           0x24000088       0x1c C:/ST/STM32CubeIDE_1.19.0/STM32CubeIDE/plugins/com.st.stm32cube.ide.mcu.externaltools.gnu-tools-for-stm32.13.3.rel1.win32_1.0.0.202411081344/tools/bin/../lib/gcc/arm-none-eabi/13.3.1/thumb/v7e-m+dp/hard/crtbegin.o
 *(.bss*)
 .bss.totalCharge
                0x240000a4        0x4 ./Core/Src/App/Battery_Monitor/Battery_read.o
                0x240000a4                totalCharge
 .bss.totalPower
                0x240000a8        0x4 ./Core/Src/App/Battery_Monitor/Battery_read.o
                0x240000a8                totalPower
 .bss._ZL8battery_
                0x240000ac        0x8 ./Core/Src/App/Battery_Monitor/Battery_read.o
 .bss._ZL7inited_
                0x240000b4        0x1 ./Core/Src/App/Battery_Monitor/Battery_read.o
 *fill*         0x240000b5        0x3 
 .bss._ZL21battery_measurements_
                0x240000b8       0x20 ./Core/Src/App/Global/Global.o
 .bss._ZL21last_battery_read_ms_
                0x240000d8        0x4 ./Core/Src/App/Global/Global.o
 .bss._ZN6motorsL5left_E
                0x240000dc       0x10 ./Core/Src/App/Motor_control/Motor_run.o
 .bss._ZN6motorsL6right_E
                0x240000ec       0x10 ./Core/Src/App/Motor_control/Motor_run.o
 .bss._ZN6motorsL9start_ms_E
                0x240000fc        0x4 ./Core/Src/App/Motor_control/Motor_run.o
 .bss._ZN6motorsL8started_E
                0x24000100        0x1 ./Core/Src/App/Motor_control/Motor_run.o
 *fill*         0x24000101        0x3 
 .bss._ZN12system_state11SystemState13batteryState_E
                0x24000104       0x1c ./Core/Src/App/System_state/system_state.o
                0x24000104                system_state::SystemState::batteryState_
 .bss.hdac1     0x24000120       0x14 ./Core/Src/dac.o
                0x24000120                hdac1
 .bss.hi2c1     0x24000134       0x54 ./Core/Src/i2c.o
                0x24000134                hi2c1
 .bss.hi2c2     0x24000188       0x54 ./Core/Src/i2c.o
                0x24000188                hi2c2
 .bss.BspCOMInit
                0x240001dc       0x10 ./Core/Src/main.o
                0x240001dc                BspCOMInit
 .bss.BspButtonState
                0x240001ec        0x4 ./Core/Src/main.o
                0x240001ec                BspButtonState
 .bss.__sbrk_heap_end
                0x240001f0        0x4 ./Core/Src/sysmem.o
 .bss.huart4    0x240001f4       0x94 ./Core/Src/usart.o
                0x240001f4                huart4
 .bss.hpb_exti  0x24000288        0x8 ./Drivers/BSP/STM32H7xx_Nucleo/stm32h7xx_nucleo.o
                0x24000288                hpb_exti
 .bss.hcom_uart
                0x24000290       0x94 ./Drivers/BSP/STM32H7xx_Nucleo/stm32h7xx_nucleo.o
                0x24000290                hcom_uart
 .bss.uwTick    0x24000324        0x4 ./Drivers/STM32H7xx_HAL_Driver/Src/stm32h7xx_hal.o
                0x24000324                uwTick
 .bss.__sf      0x24000328      0x138 C:/ST/STM32CubeIDE_1.19.0/STM32CubeIDE/plugins/com.st.stm32cube.ide.mcu.externaltools.gnu-tools-for-stm32.13.3.rel1.win32_1.0.0.202411081344/tools/bin/../lib/gcc/arm-none-eabi/13.3.1/../../../../arm-none-eabi/lib/thumb/v7e-m+dp/hard\libc_nano.a(libc_a-findfp.o)
                0x24000328                __sf
 .bss.__stdio_exit_handler
                0x24000460        0x4 C:/ST/STM32CubeIDE_1.19.0/STM32CubeIDE/plugins/com.st.stm32cube.ide.mcu.externaltools.gnu-tools-for-stm32.13.3.rel1.win32_1.0.0.202411081344/tools/bin/../lib/gcc/arm-none-eabi/13.3.1/../../../../arm-none-eabi/lib/thumb/v7e-m+dp/hard\libc_nano.a(libc_a-findfp.o)
                0x24000460                __stdio_exit_handler
 .bss.errno     0x24000464        0x4 C:/ST/STM32CubeIDE_1.19.0/STM32CubeIDE/plugins/com.st.stm32cube.ide.mcu.externaltools.gnu-tools-for-stm32.13.3.rel1.win32_1.0.0.202411081344/tools/bin/../lib/gcc/arm-none-eabi/13.3.1/../../../../arm-none-eabi/lib/thumb/v7e-m+dp/hard\libc_nano.a(libc_a-reent.o)
                0x24000464                errno
 .bss.__lock___malloc_recursive_mutex
                0x24000468        0x1 C:/ST/STM32CubeIDE_1.19.0/STM32CubeIDE/plugins/com.st.stm32cube.ide.mcu.externaltools.gnu-tools-for-stm32.13.3.rel1.win32_1.0.0.202411081344/tools/bin/../lib/gcc/arm-none-eabi/13.3.1/../../../../arm-none-eabi/lib/thumb/v7e-m+dp/hard\libc_nano.a(libc_a-lock.o)
                0x24000468                __lock___malloc_recursive_mutex
 .bss.__lock___sfp_recursive_mutex
                0x24000469        0x1 C:/ST/STM32CubeIDE_1.19.0/STM32CubeIDE/plugins/com.st.stm32cube.ide.mcu.externaltools.gnu-tools-for-stm32.13.3.rel1.win32_1.0.0.202411081344/tools/bin/../lib/gcc/arm-none-eabi/13.3.1/../../../../arm-none-eabi/lib/thumb/v7e-m+dp/hard\libc_nano.a(libc_a-lock.o)
                0x24000469                __lock___sfp_recursive_mutex
 *fill*         0x2400046a        0x2 
 .bss.__malloc_sbrk_start
                0x2400046c        0x4 C:/ST/STM32CubeIDE_1.19.0/STM32CubeIDE/plugins/com.st.stm32cube.ide.mcu.externaltools.gnu-tools-for-stm32.13.3.rel1.win32_1.0.0.202411081344/tools/bin/../lib/gcc/arm-none-eabi/13.3.1/../../../../arm-none-eabi/lib/thumb/v7e-m+dp/hard\libc_nano.a(libc_a-mallocr.o)
                0x2400046c                __malloc_sbrk_start
 .bss.__malloc_free_list
                0x24000470        0x4 C:/ST/STM32CubeIDE_1.19.0/STM32CubeIDE/plugins/com.st.stm32cube.ide.mcu.externaltools.gnu-tools-for-stm32.13.3.rel1.win32_1.0.0.202411081344/tools/bin/../lib/gcc/arm-none-eabi/13.3.1/../../../../arm-none-eabi/lib/thumb/v7e-m+dp/hard\libc_nano.a(libc_a-mallocr.o)
                0x24000470                __malloc_free_list
 *(COMMON)
                0x24000474                        . = ALIGN (0x4)
                0x24000474                        _ebss = .
                0x24000474                        __bss_end__ = _ebss

._user_heap_stack
                0x24000474      0x604 load address 0x08009428
                0x24000478                        . = ALIGN (0x8)
 *fill*         0x24000474        0x4 
                [!provide]                        PROVIDE (end = .)
                0x24000478                        PROVIDE (_end = .)
                0x24000678                        . = (. + _Min_Heap_Size)
 *fill*         0x24000478      0x200 
                0x24000a78                        . = (. + _Min_Stack_Size)
 *fill*         0x24000678      0x400 
                0x24000a78                        . = ALIGN (0x8)

/DISCARD/
 libc.a(*)
 libm.a(*)
 libgcc.a(*)

.ARM.attributes
                0x00000000       0x2e
 *(.ARM.attributes)
 .ARM.attributes
                0x00000000       0x20 C:/ST/STM32CubeIDE_1.19.0/STM32CubeIDE/plugins/com.st.stm32cube.ide.mcu.externaltools.gnu-tools-for-stm32.13.3.rel1.win32_1.0.0.202411081344/tools/bin/../lib/gcc/arm-none-eabi/13.3.1/thumb/v7e-m+dp/hard/crti.o
 .ARM.attributes
                0x00000020       0x32 C:/ST/STM32CubeIDE_1.19.0/STM32CubeIDE/plugins/com.st.stm32cube.ide.mcu.externaltools.gnu-tools-for-stm32.13.3.rel1.win32_1.0.0.202411081344/tools/bin/../lib/gcc/arm-none-eabi/13.3.1/thumb/v7e-m+dp/hard/crtbegin.o
 .ARM.attributes
                0x00000052       0x32 ./Core/Src/App/Battery_Monitor/Battery_read.o
 .ARM.attributes
                0x00000084       0x32 ./Core/Src/App/Battery_Monitor/Battery_status.o
 .ARM.attributes
                0x000000b6       0x32 ./Core/Src/App/Global/Global.o
 .ARM.attributes
                0x000000e8       0x32 ./Core/Src/App/Motor_control/Motor_run.o
 .ARM.attributes
                0x0000011a       0x32 ./Core/Src/App/Motor_control/Motors.o
 .ARM.attributes
                0x0000014c       0x32 ./Core/Src/App/System_state/system_state.o
 .ARM.attributes
                0x0000017e       0x32 ./Core/Src/dac.o
 .ARM.attributes
                0x000001b0       0x32 ./Core/Src/gpio.o
 .ARM.attributes
                0x000001e2       0x32 ./Core/Src/i2c.o
 .ARM.attributes
                0x00000214       0x32 ./Core/Src/main.o
 .ARM.attributes
                0x00000246       0x32 ./Core/Src/stm32h7xx_hal_msp.o
 .ARM.attributes
                0x00000278       0x32 ./Core/Src/stm32h7xx_it.o
 .ARM.attributes
                0x000002aa       0x32 ./Core/Src/syscalls.o
 .ARM.attributes
                0x000002dc       0x32 ./Core/Src/sysmem.o
 .ARM.attributes
                0x0000030e       0x32 ./Core/Src/system_stm32h7xx.o
 .ARM.attributes
                0x00000340       0x32 ./Core/Src/usart.o
 .ARM.attributes
                0x00000372       0x21 ./Core/Startup/startup_stm32h7a3zitxq.o
 .ARM.attributes
                0x00000393       0x32 ./Drivers/BSP/STM32H7xx_Nucleo/stm32h7xx_nucleo.o
 .ARM.attributes
                0x000003c5       0x32 ./Drivers/STM32H7xx_HAL_Driver/Src/stm32h7xx_hal.o
 .ARM.attributes
                0x000003f7       0x32 ./Drivers/STM32H7xx_HAL_Driver/Src/stm32h7xx_hal_cortex.o
 .ARM.attributes
                0x00000429       0x32 ./Drivers/STM32H7xx_HAL_Driver/Src/stm32h7xx_hal_dac.o
 .ARM.attributes
                0x0000045b       0x32 ./Drivers/STM32H7xx_HAL_Driver/Src/stm32h7xx_hal_exti.o
 .ARM.attributes
                0x0000048d       0x32 ./Drivers/STM32H7xx_HAL_Driver/Src/stm32h7xx_hal_gpio.o
 .ARM.attributes
                0x000004bf       0x32 ./Drivers/STM32H7xx_HAL_Driver/Src/stm32h7xx_hal_i2c.o
 .ARM.attributes
                0x000004f1       0x32 ./Drivers/STM32H7xx_HAL_Driver/Src/stm32h7xx_hal_i2c_ex.o
 .ARM.attributes
                0x00000523       0x32 ./Drivers/STM32H7xx_HAL_Driver/Src/stm32h7xx_hal_pwr_ex.o
 .ARM.attributes
                0x00000555       0x32 ./Drivers/STM32H7xx_HAL_Driver/Src/stm32h7xx_hal_rcc.o
 .ARM.attributes
                0x00000587       0x32 ./Drivers/STM32H7xx_HAL_Driver/Src/stm32h7xx_hal_rcc_ex.o
 .ARM.attributes
                0x000005b9       0x32 ./Drivers/STM32H7xx_HAL_Driver/Src/stm32h7xx_hal_uart.o
 .ARM.attributes
                0x000005eb       0x32 ./Drivers/STM32H7xx_HAL_Driver/Src/stm32h7xx_hal_uart_ex.o
 .ARM.attributes
                0x0000061d       0x32 C:/ST/STM32CubeIDE_1.19.0/STM32CubeIDE/plugins/com.st.stm32cube.ide.mcu.externaltools.gnu-tools-for-stm32.13.3.rel1.win32_1.0.0.202411081344/tools/bin/../lib/gcc/arm-none-eabi/13.3.1/../../../../arm-none-eabi/lib/thumb/v7e-m+dp/hard\libc_nano.a(libc_a-findfp.o)
 .ARM.attributes
                0x0000064f       0x32 C:/ST/STM32CubeIDE_1.19.0/STM32CubeIDE/plugins/com.st.stm32cube.ide.mcu.externaltools.gnu-tools-for-stm32.13.3.rel1.win32_1.0.0.202411081344/tools/bin/../lib/gcc/arm-none-eabi/13.3.1/../../../../arm-none-eabi/lib/thumb/v7e-m+dp/hard\libc_nano.a(libc_a-fwalk.o)
 .ARM.attributes
                0x00000681       0x32 C:/ST/STM32CubeIDE_1.19.0/STM32CubeIDE/plugins/com.st.stm32cube.ide.mcu.externaltools.gnu-tools-for-stm32.13.3.rel1.win32_1.0.0.202411081344/tools/bin/../lib/gcc/arm-none-eabi/13.3.1/../../../../arm-none-eabi/lib/thumb/v7e-m+dp/hard\libc_nano.a(libc_a-printf.o)
 .ARM.attributes
                0x000006b3       0x32 C:/ST/STM32CubeIDE_1.19.0/STM32CubeIDE/plugins/com.st.stm32cube.ide.mcu.externaltools.gnu-tools-for-stm32.13.3.rel1.win32_1.0.0.202411081344/tools/bin/../lib/gcc/arm-none-eabi/13.3.1/../../../../arm-none-eabi/lib/thumb/v7e-m+dp/hard\libc_nano.a(libc_a-puts.o)
 .ARM.attributes
                0x000006e5       0x32 C:/ST/STM32CubeIDE_1.19.0/STM32CubeIDE/plugins/com.st.stm32cube.ide.mcu.externaltools.gnu-tools-for-stm32.13.3.rel1.win32_1.0.0.202411081344/tools/bin/../lib/gcc/arm-none-eabi/13.3.1/../../../../arm-none-eabi/lib/thumb/v7e-m+dp/hard\libc_nano.a(libc_a-stdio.o)
 .ARM.attributes
                0x00000717       0x32 C:/ST/STM32CubeIDE_1.19.0/STM32CubeIDE/plugins/com.st.stm32cube.ide.mcu.externaltools.gnu-tools-for-stm32.13.3.rel1.win32_1.0.0.202411081344/tools/bin/../lib/gcc/arm-none-eabi/13.3.1/../../../../arm-none-eabi/lib/thumb/v7e-m+dp/hard\libc_nano.a(libc_a-wbuf.o)
 .ARM.attributes
                0x00000749       0x32 C:/ST/STM32CubeIDE_1.19.0/STM32CubeIDE/plugins/com.st.stm32cube.ide.mcu.externaltools.gnu-tools-for-stm32.13.3.rel1.win32_1.0.0.202411081344/tools/bin/../lib/gcc/arm-none-eabi/13.3.1/../../../../arm-none-eabi/lib/thumb/v7e-m+dp/hard\libc_nano.a(libc_a-wsetup.o)
 .ARM.attributes
                0x0000077b       0x32 C:/ST/STM32CubeIDE_1.19.0/STM32CubeIDE/plugins/com.st.stm32cube.ide.mcu.externaltools.gnu-tools-for-stm32.13.3.rel1.win32_1.0.0.202411081344/tools/bin/../lib/gcc/arm-none-eabi/13.3.1/../../../../arm-none-eabi/lib/thumb/v7e-m+dp/hard\libc_nano.a(libc_a-memset.o)
 .ARM.attributes
                0x000007ad       0x32 C:/ST/STM32CubeIDE_1.19.0/STM32CubeIDE/plugins/com.st.stm32cube.ide.mcu.externaltools.gnu-tools-for-stm32.13.3.rel1.win32_1.0.0.202411081344/tools/bin/../lib/gcc/arm-none-eabi/13.3.1/../../../../arm-none-eabi/lib/thumb/v7e-m+dp/hard\libc_nano.a(libc_a-closer.o)
 .ARM.attributes
                0x000007df       0x32 C:/ST/STM32CubeIDE_1.19.0/STM32CubeIDE/plugins/com.st.stm32cube.ide.mcu.externaltools.gnu-tools-for-stm32.13.3.rel1.win32_1.0.0.202411081344/tools/bin/../lib/gcc/arm-none-eabi/13.3.1/../../../../arm-none-eabi/lib/thumb/v7e-m+dp/hard\libc_nano.a(libc_a-reent.o)
 .ARM.attributes
                0x00000811       0x32 C:/ST/STM32CubeIDE_1.19.0/STM32CubeIDE/plugins/com.st.stm32cube.ide.mcu.externaltools.gnu-tools-for-stm32.13.3.rel1.win32_1.0.0.202411081344/tools/bin/../lib/gcc/arm-none-eabi/13.3.1/../../../../arm-none-eabi/lib/thumb/v7e-m+dp/hard\libc_nano.a(libc_a-impure.o)
 .ARM.attributes
                0x00000843       0x32 C:/ST/STM32CubeIDE_1.19.0/STM32CubeIDE/plugins/com.st.stm32cube.ide.mcu.externaltools.gnu-tools-for-stm32.13.3.rel1.win32_1.0.0.202411081344/tools/bin/../lib/gcc/arm-none-eabi/13.3.1/../../../../arm-none-eabi/lib/thumb/v7e-m+dp/hard\libc_nano.a(libc_a-lseekr.o)
 .ARM.attributes
                0x00000875       0x32 C:/ST/STM32CubeIDE_1.19.0/STM32CubeIDE/plugins/com.st.stm32cube.ide.mcu.externaltools.gnu-tools-for-stm32.13.3.rel1.win32_1.0.0.202411081344/tools/bin/../lib/gcc/arm-none-eabi/13.3.1/../../../../arm-none-eabi/lib/thumb/v7e-m+dp/hard\libc_nano.a(libc_a-readr.o)
 .ARM.attributes
                0x000008a7       0x32 C:/ST/STM32CubeIDE_1.19.0/STM32CubeIDE/plugins/com.st.stm32cube.ide.mcu.externaltools.gnu-tools-for-stm32.13.3.rel1.win32_1.0.0.202411081344/tools/bin/../lib/gcc/arm-none-eabi/13.3.1/../../../../arm-none-eabi/lib/thumb/v7e-m+dp/hard\libc_nano.a(libc_a-writer.o)
 .ARM.attributes
                0x000008d9       0x32 C:/ST/STM32CubeIDE_1.19.0/STM32CubeIDE/plugins/com.st.stm32cube.ide.mcu.externaltools.gnu-tools-for-stm32.13.3.rel1.win32_1.0.0.202411081344/tools/bin/../lib/gcc/arm-none-eabi/13.3.1/../../../../arm-none-eabi/lib/thumb/v7e-m+dp/hard\libc_nano.a(libc_a-errno.o)
 .ARM.attributes
                0x0000090b       0x32 C:/ST/STM32CubeIDE_1.19.0/STM32CubeIDE/plugins/com.st.stm32cube.ide.mcu.externaltools.gnu-tools-for-stm32.13.3.rel1.win32_1.0.0.202411081344/tools/bin/../lib/gcc/arm-none-eabi/13.3.1/../../../../arm-none-eabi/lib/thumb/v7e-m+dp/hard\libc_nano.a(libc_a-init.o)
 .ARM.attributes
                0x0000093d       0x32 C:/ST/STM32CubeIDE_1.19.0/STM32CubeIDE/plugins/com.st.stm32cube.ide.mcu.externaltools.gnu-tools-for-stm32.13.3.rel1.win32_1.0.0.202411081344/tools/bin/../lib/gcc/arm-none-eabi/13.3.1/../../../../arm-none-eabi/lib/thumb/v7e-m+dp/hard\libc_nano.a(libc_a-lock.o)
 .ARM.attributes
                0x0000096f       0x32 C:/ST/STM32CubeIDE_1.19.0/STM32CubeIDE/plugins/com.st.stm32cube.ide.mcu.externaltools.gnu-tools-for-stm32.13.3.rel1.win32_1.0.0.202411081344/tools/bin/../lib/gcc/arm-none-eabi/13.3.1/../../../../arm-none-eabi/lib/thumb/v7e-m+dp/hard\libc_nano.a(libc_a-freer.o)
 .ARM.attributes
                0x000009a1       0x32 C:/ST/STM32CubeIDE_1.19.0/STM32CubeIDE/plugins/com.st.stm32cube.ide.mcu.externaltools.gnu-tools-for-stm32.13.3.rel1.win32_1.0.0.202411081344/tools/bin/../lib/gcc/arm-none-eabi/13.3.1/../../../../arm-none-eabi/lib/thumb/v7e-m+dp/hard\libc_nano.a(libc_a-mallocr.o)
 .ARM.attributes
                0x000009d3       0x32 C:/ST/STM32CubeIDE_1.19.0/STM32CubeIDE/plugins/com.st.stm32cube.ide.mcu.externaltools.gnu-tools-for-stm32.13.3.rel1.win32_1.0.0.202411081344/tools/bin/../lib/gcc/arm-none-eabi/13.3.1/../../../../arm-none-eabi/lib/thumb/v7e-m+dp/hard\libc_nano.a(libc_a-mlock.o)
 .ARM.attributes
                0x00000a05       0x32 C:/ST/STM32CubeIDE_1.19.0/STM32CubeIDE/plugins/com.st.stm32cube.ide.mcu.externaltools.gnu-tools-for-stm32.13.3.rel1.win32_1.0.0.202411081344/tools/bin/../lib/gcc/arm-none-eabi/13.3.1/../../../../arm-none-eabi/lib/thumb/v7e-m+dp/hard\libc_nano.a(libc_a-nano-vfprintf.o)
 .ARM.attributes
                0x00000a37       0x32 C:/ST/STM32CubeIDE_1.19.0/STM32CubeIDE/plugins/com.st.stm32cube.ide.mcu.externaltools.gnu-tools-for-stm32.13.3.rel1.win32_1.0.0.202411081344/tools/bin/../lib/gcc/arm-none-eabi/13.3.1/../../../../arm-none-eabi/lib/thumb/v7e-m+dp/hard\libc_nano.a(libc_a-nano-vfprintf_i.o)
 .ARM.attributes
                0x00000a69       0x32 C:/ST/STM32CubeIDE_1.19.0/STM32CubeIDE/plugins/com.st.stm32cube.ide.mcu.externaltools.gnu-tools-for-stm32.13.3.rel1.win32_1.0.0.202411081344/tools/bin/../lib/gcc/arm-none-eabi/13.3.1/../../../../arm-none-eabi/lib/thumb/v7e-m+dp/hard\libc_nano.a(libc_a-fflush.o)
 .ARM.attributes
                0x00000a9b       0x32 C:/ST/STM32CubeIDE_1.19.0/STM32CubeIDE/plugins/com.st.stm32cube.ide.mcu.externaltools.gnu-tools-for-stm32.13.3.rel1.win32_1.0.0.202411081344/tools/bin/../lib/gcc/arm-none-eabi/13.3.1/../../../../arm-none-eabi/lib/thumb/v7e-m+dp/hard\libc_nano.a(libc_a-makebuf.o)
 .ARM.attributes
                0x00000acd       0x32 C:/ST/STM32CubeIDE_1.19.0/STM32CubeIDE/plugins/com.st.stm32cube.ide.mcu.externaltools.gnu-tools-for-stm32.13.3.rel1.win32_1.0.0.202411081344/tools/bin/../lib/gcc/arm-none-eabi/13.3.1/../../../../arm-none-eabi/lib/thumb/v7e-m+dp/hard\libc_nano.a(libc_a-fstatr.o)
 .ARM.attributes
                0x00000aff       0x32 C:/ST/STM32CubeIDE_1.19.0/STM32CubeIDE/plugins/com.st.stm32cube.ide.mcu.externaltools.gnu-tools-for-stm32.13.3.rel1.win32_1.0.0.202411081344/tools/bin/../lib/gcc/arm-none-eabi/13.3.1/../../../../arm-none-eabi/lib/thumb/v7e-m+dp/hard\libc_nano.a(libc_a-isattyr.o)
 .ARM.attributes
                0x00000b31       0x32 C:/ST/STM32CubeIDE_1.19.0/STM32CubeIDE/plugins/com.st.stm32cube.ide.mcu.externaltools.gnu-tools-for-stm32.13.3.rel1.win32_1.0.0.202411081344/tools/bin/../lib/gcc/arm-none-eabi/13.3.1/../../../../arm-none-eabi/lib/thumb/v7e-m+dp/hard\libc_nano.a(libc_a-sbrkr.o)
 .ARM.attributes
                0x00000b63       0x1c C:/ST/STM32CubeIDE_1.19.0/STM32CubeIDE/plugins/com.st.stm32cube.ide.mcu.externaltools.gnu-tools-for-stm32.13.3.rel1.win32_1.0.0.202411081344/tools/bin/../lib/gcc/arm-none-eabi/13.3.1/../../../../arm-none-eabi/lib/thumb/v7e-m+dp/hard\libc_nano.a(libc_a-memchr.o)
 .ARM.attributes
                0x00000b7f       0x20 C:/ST/STM32CubeIDE_1.19.0/STM32CubeIDE/plugins/com.st.stm32cube.ide.mcu.externaltools.gnu-tools-for-stm32.13.3.rel1.win32_1.0.0.202411081344/tools/bin/../lib/gcc/arm-none-eabi/13.3.1/thumb/v7e-m+dp/hard\libgcc.a(_aeabi_uldivmod.o)
 .ARM.attributes
                0x00000b9f       0x32 C:/ST/STM32CubeIDE_1.19.0/STM32CubeIDE/plugins/com.st.stm32cube.ide.mcu.externaltools.gnu-tools-for-stm32.13.3.rel1.win32_1.0.0.202411081344/tools/bin/../lib/gcc/arm-none-eabi/13.3.1/thumb/v7e-m+dp/hard\libgcc.a(_udivmoddi4.o)
 .ARM.attributes
                0x00000bd1       0x20 C:/ST/STM32CubeIDE_1.19.0/STM32CubeIDE/plugins/com.st.stm32cube.ide.mcu.externaltools.gnu-tools-for-stm32.13.3.rel1.win32_1.0.0.202411081344/tools/bin/../lib/gcc/arm-none-eabi/13.3.1/thumb/v7e-m+dp/hard\libgcc.a(_dvmd_tls.o)
 .ARM.attributes
                0x00000bf1       0x20 C:/ST/STM32CubeIDE_1.19.0/STM32CubeIDE/plugins/com.st.stm32cube.ide.mcu.externaltools.gnu-tools-for-stm32.13.3.rel1.win32_1.0.0.202411081344/tools/bin/../lib/gcc/arm-none-eabi/13.3.1/thumb/v7e-m+dp/hard/crtn.o
OUTPUT(STRIDE.elf elf32-littlearm)
LOAD linker stubs
LOAD C:/ST/STM32CubeIDE_1.19.0/STM32CubeIDE/plugins/com.st.stm32cube.ide.mcu.externaltools.gnu-tools-for-stm32.13.3.rel1.win32_1.0.0.202411081344/tools/bin/../lib/gcc/arm-none-eabi/13.3.1/../../../../arm-none-eabi/lib/thumb/v7e-m+dp/hard\libc.a
LOAD C:/ST/STM32CubeIDE_1.19.0/STM32CubeIDE/plugins/com.st.stm32cube.ide.mcu.externaltools.gnu-tools-for-stm32.13.3.rel1.win32_1.0.0.202411081344/tools/bin/../lib/gcc/arm-none-eabi/13.3.1/../../../../arm-none-eabi/lib/thumb/v7e-m+dp/hard\libm.a
LOAD C:/ST/STM32CubeIDE_1.19.0/STM32CubeIDE/plugins/com.st.stm32cube.ide.mcu.externaltools.gnu-tools-for-stm32.13.3.rel1.win32_1.0.0.202411081344/tools/bin/../lib/gcc/arm-none-eabi/13.3.1/thumb/v7e-m+dp/hard\libgcc.a

.debug_info     0x00000000    0x25270
 .debug_info    0x00000000     0x379b ./Core/Src/App/Battery_Monitor/Battery_read.o
 .debug_info    0x0000379b     0x2c25 ./Core/Src/App/Battery_Monitor/Battery_status.o
 .debug_info    0x000063c0     0x27e2 ./Core/Src/App/Global/Global.o
 .debug_info    0x00008ba2     0x1ddd ./Core/Src/App/Motor_control/Motor_run.o
 .debug_info    0x0000a97f     0x2ca1 ./Core/Src/App/Motor_control/Motors.o
 .debug_info    0x0000d620      0x930 ./Core/Src/App/System_state/system_state.o
 .debug_info    0x0000df50      0xc4d ./Core/Src/dac.o
 .debug_info    0x0000eb9d      0x6c5 ./Core/Src/gpio.o
 .debug_info    0x0000f262     0x1060 ./Core/Src/i2c.o
 .debug_info    0x000102c2      0xbe0 ./Core/Src/main.o
 .debug_info    0x00010ea2      0x48b ./Core/Src/stm32h7xx_hal_msp.o
 .debug_info    0x0001132d      0x170 ./Core/Src/stm32h7xx_it.o
 .debug_info    0x0001149d      0x6a3 ./Core/Src/syscalls.o
 .debug_info    0x00011b40      0x168 ./Core/Src/sysmem.o
 .debug_info    0x00011ca8      0xd33 ./Core/Src/system_stm32h7xx.o
 .debug_info    0x000129db     0x10c4 ./Core/Src/usart.o
 .debug_info    0x00013a9f       0x30 ./Core/Startup/startup_stm32h7a3zitxq.o
 .debug_info    0x00013acf     0x1a7d ./Drivers/BSP/STM32H7xx_Nucleo/stm32h7xx_nucleo.o
 .debug_info    0x0001554c     0x13f1 ./Drivers/STM32H7xx_HAL_Driver/Src/stm32h7xx_hal.o
 .debug_info    0x0001693d     0x1093 ./Drivers/STM32H7xx_HAL_Driver/Src/stm32h7xx_hal_cortex.o
 .debug_info    0x000179d0      0xbb8 ./Drivers/STM32H7xx_HAL_Driver/Src/stm32h7xx_hal_dac.o
 .debug_info    0x00018588      0x7c9 ./Drivers/STM32H7xx_HAL_Driver/Src/stm32h7xx_hal_exti.o
 .debug_info    0x00018d51      0xb3a ./Drivers/STM32H7xx_HAL_Driver/Src/stm32h7xx_hal_gpio.o
 .debug_info    0x0001988b     0x22c9 ./Drivers/STM32H7xx_HAL_Driver/Src/stm32h7xx_hal_i2c.o
 .debug_info    0x0001bb54      0xc64 ./Drivers/STM32H7xx_HAL_Driver/Src/stm32h7xx_hal_i2c_ex.o
 .debug_info    0x0001c7b8      0xf01 ./Drivers/STM32H7xx_HAL_Driver/Src/stm32h7xx_hal_pwr_ex.o
 .debug_info    0x0001d6b9      0xeb0 ./Drivers/STM32H7xx_HAL_Driver/Src/stm32h7xx_hal_rcc.o
 .debug_info    0x0001e569     0x120c ./Drivers/STM32H7xx_HAL_Driver/Src/stm32h7xx_hal_rcc_ex.o
 .debug_info    0x0001f775     0x4b3c ./Drivers/STM32H7xx_HAL_Driver/Src/stm32h7xx_hal_uart.o
 .debug_info    0x000242b1      0xfbf ./Drivers/STM32H7xx_HAL_Driver/Src/stm32h7xx_hal_uart_ex.o

.debug_abbrev   0x00000000     0x4804
 .debug_abbrev  0x00000000      0x533 ./Core/Src/App/Battery_Monitor/Battery_read.o
 .debug_abbrev  0x00000533      0x425 ./Core/Src/App/Battery_Monitor/Battery_status.o