../Core/Src/App/Ultrasonic_sensors/ultrasonic.cpp:62:6:static void UltrasonicReceiver::init()	8	static
../Core/Src/App/Ultrasonic_sensors/ultrasonic.cpp:74:6:static void UltrasonicReceiver::restartReceive()	8	static
../Core/Src/App/Ultrasonic_sensors/ultrasonic.cpp:83:6:static void UltrasonicReceiver::rxCompleteCallback(UART_HandleTypeDef*)	16	static
../Core/Src/App/Ultrasonic_sensors/ultrasonic.cpp:101:6:static void UltrasonicReceiver::handleReceivedByte(uint8_t)	24	static
../Core/Src/App/Ultrasonic_sensors/ultrasonic.cpp:159:6:static bool UltrasonicReceiver::parseLine(const char*, uint16_t*, uint8_t*)	40	static
../Core/Src/App/Ultrasonic_sensors/ultrasonic.cpp:201:6:static void UltrasonicReceiver::updateSystemState(uint16_t, uint8_t)	24	static
../Core/Src/App/Ultrasonic_sensors/ultrasonic.cpp:225:6:static void UltrasonicReceiver::process()	24	static
../Core/Src/App/Ultrasonic_sensors/ultrasonic.cpp:250:6:static void UltrasonicReceiver::errorCallback(UART_HandleTypeDef*)	16	static
../Core/Src/App/Ultrasonic_sensors/ultrasonic.cpp:285:17:void HAL_UART_RxCpltCallback(UART_HandleTypeDef*)	16	static
../Core/Src/App/Ultrasonic_sensors/ultrasonic.cpp:294:17:void HAL_UART_ErrorCallback(UART_HandleTypeDef*)	16	static
