../Core/Src/App/Control_cluster/control_cluster.cpp:56:15:uint16_t control_cluster::{anonymous}::deviceAddress()	4	static
../Core/Src/App/Control_cluster/control_cluster.cpp:61:16:control_cluster::{anonymous}::ButtonRuntime& control_cluster::{anonymous}::runtimeFor(control_cluster::ButtonId)	16	static
../Core/Src/App/Control_cluster/control_cluster.cpp:74:13:system_state::ControlMode control_cluster::{anonymous}::nextMode(system_state::ControlMode)	16	static
../Core/Src/App/Control_cluster/control_cluster.cpp:89:6:static bool control_cluster::ControlCluster::init(const control_cluster::ControlClusterConfig&)	24	static
../Core/Src/App/Control_cluster/control_cluster.cpp:121:6:static bool control_cluster::ControlCluster::isInitialized()	4	static
../Core/Src/App/Control_cluster/control_cluster.cpp:126:6:static void control_cluster::ControlCluster::tick()	16	static
../Core/Src/App/Control_cluster/control_cluster.cpp:157:6:static bool control_cluster::ControlCluster::initPca9685()	8	static
../Core/Src/App/Control_cluster/control_cluster.cpp:185:6:static bool control_cluster::ControlCluster::writeRegister(uint8_t, uint8_t)	40	static
../Core/Src/App/Control_cluster/control_cluster.cpp:196:6:static bool control_cluster::ControlCluster::setPwm(uint8_t, uint16_t, uint16_t)	48	static
../Core/Src/App/Control_cluster/control_cluster.cpp:219:6:static bool control_cluster::ControlCluster::setLedRaw(uint8_t, uint16_t)	16	static
../Core/Src/App/Control_cluster/control_cluster.cpp:236:6:static bool control_cluster::ControlCluster::setRgb(uint8_t, uint8_t, uint8_t, uint16_t, uint16_t, uint16_t)	32	static
../Core/Src/App/Control_cluster/control_cluster.cpp:250:6:static bool control_cluster::ControlCluster::readButtonRaw(const control_cluster::ButtonConfig&)	24	static
../Core/Src/App/Control_cluster/control_cluster.cpp:260:6:static bool control_cluster::ControlCluster::updateButton(control_cluster::ButtonId, const control_cluster::ButtonConfig&)	32	static
../Core/Src/App/Control_cluster/control_cluster.cpp:287:6:static void control_cluster::ControlCluster::handleModePress()	8	static
../Core/Src/App/Control_cluster/control_cluster.cpp:295:6:static void control_cluster::ControlCluster::handleStairPress()	4	static
../Core/Src/App/Control_cluster/control_cluster.cpp:304:6:static void control_cluster::ControlCluster::handleResetPress()	4	static
../Core/Src/App/Control_cluster/control_cluster.cpp:312:6:static void control_cluster::ControlCluster::updateSystemState()	8	static
../Core/Src/App/Control_cluster/control_cluster.cpp:317:6:static void control_cluster::ControlCluster::updateLeds()	64	static
