../Core/Src/App/Jetson/run_jetson.cpp:45:13:void jetson::pushRxDebugByte(uint8_t)	24	static
../Core/Src/App/Jetson/run_jetson.cpp:62:13:bool jetson::popRxDebugByte(uint8_t*)	16	static
../Core/Src/App/Jetson/run_jetson.cpp:80:13:void jetson::printRxDebugBytes()	16	static
../Core/Src/App/Jetson/run_jetson.cpp:100:6:void jetson::runJetsonInit()	8	static
../Core/Src/App/Jetson/run_jetson.cpp:105:6:void jetson::runJetsonTick()	16	static
../Core/Src/App/Jetson/run_jetson.cpp:135:6:void jetson::runJetsonHandleRxComplete()	16	static
../Core/Src/App/Jetson/run_jetson.cpp:161:1:void __static_initialization_and_destruction_0()	8	static
../Core/Src/App/Jetson/run_jetson.cpp:161:1:cpp)	8	static
