../Core/Src/App/System_state/system_state.cpp:20:6:static void system_state::SystemState::init()	104	static
../Core/Src/App/System_state/system_state.cpp:33:6:static void system_state::SystemState::setMotorCommand(const system_state::MotorCommand&)	24	static
../Core/Src/App/System_state/system_state.cpp:38:14:static system_state::MotorCommand system_state::SystemState::getMotorCommand()	24	static
../Core/Src/App/System_state/system_state.cpp:43:6:static void system_state::SystemState::setMotorCommandValid(bool)	16	static
../Core/Src/App/System_state/system_state.cpp:50:6:static void system_state::SystemState::setMotorFeedback(const system_state::MotorFeedback&)	16	static
../Core/Src/App/System_state/system_state.cpp:55:15:static system_state::MotorFeedback system_state::SystemState::getMotorFeedback()	16	static
../Core/Src/App/System_state/system_state.cpp:60:6:static void system_state::SystemState::setLeftMotorSpeed(float)	16	static
../Core/Src/App/System_state/system_state.cpp:65:6:static void system_state::SystemState::setRightMotorSpeed(float)	16	static
../Core/Src/App/System_state/system_state.cpp:70:6:static void system_state::SystemState::setLeftMotorFault(bool)	16	static
../Core/Src/App/System_state/system_state.cpp:75:6:static void system_state::SystemState::setRightMotorFault(bool)	16	static
../Core/Src/App/System_state/system_state.cpp:82:6:static void system_state::SystemState::setBatteryState(const system_state::BatteryState&)	24	static
../Core/Src/App/System_state/system_state.cpp:87:14:static system_state::BatteryState system_state::SystemState::getBatteryState()	24	static
../Core/Src/App/System_state/system_state.cpp:92:6:static void system_state::SystemState::requestResetCapacityToFull()	4	static
../Core/Src/App/System_state/system_state.cpp:97:6:static void system_state::SystemState::clearResetCapacityToFullRequest()	4	static
../Core/Src/App/System_state/system_state.cpp:104:6:static void system_state::SystemState::setSensorState(const system_state::SensorState&)	16	static
../Core/Src/App/System_state/system_state.cpp:109:13:static system_state::SensorState system_state::SystemState::getSensorState()	16	static
../Core/Src/App/System_state/system_state.cpp:116:6:static void system_state::SystemState::setUserInputState(const system_state::UserInputState&)	16	static
../Core/Src/App/System_state/system_state.cpp:121:16:static system_state::UserInputState system_state::SystemState::getUserInputState()	16	static
../Core/Src/App/System_state/system_state.cpp:128:6:static void system_state::SystemState::setJetsonState(const system_state::JetsonState&)	16	static
../Core/Src/App/System_state/system_state.cpp:133:13:static system_state::JetsonState system_state::SystemState::getJetsonState()	16	static
../Core/Src/App/System_state/system_state.cpp:138:6:static void system_state::SystemState::updateJetsonRxTick(uint32_t)	16	static
../Core/Src/App/System_state/system_state.cpp:143:6:static void system_state::SystemState::updateJetsonTxTick(uint32_t)	16	static
../Core/Src/App/System_state/system_state.cpp:148:6:static void system_state::SystemState::setJetsonConnected(bool)	16	static
../Core/Src/App/System_state/system_state.cpp:155:6:static void system_state::SystemState::setControlClusterState(const system_state::ControlClusterState&)	16	static
../Core/Src/App/System_state/system_state.cpp:160:21:static system_state::ControlClusterState system_state::SystemState::getControlClusterState()	16	static
