../Core/Src/App/System_state/system_state_debug.cpp:21:20:const char* system_state_debug::directionToString(system_state::Direction)	16	static
../Core/Src/App/System_state/system_state_debug.cpp:26:20:const char* system_state_debug::controlModeToString(system_state::ControlMode)	16	static
../Core/Src/App/System_state/system_state_debug.cpp:43:6:void system_state_debug::init()	8	static
../Core/Src/App/System_state/system_state_debug.cpp:48:6:void system_state_debug::tick(uint32_t)	24	static
../Core/Src/App/System_state/system_state_debug.cpp:58:6:void system_state_debug::printOnce()	128	static
