../Core/Src/App/Motor_control/motor_run.cpp:37:6:void motors::RunMotors_Init()	8	static
../Core/Src/App/Motor_control/motor_run.cpp:58:6:void motors::RunMotors_Tick()	8	static
../Core/Src/App/Motor_control/motor_run.cpp:75:6:void motors::RunMotors_RightTachCapture(TIM_HandleTypeDef*, uint32_t, uint32_t)	24	static
../Core/Src/App/Motor_control/motor_run.cpp:97:17:void HAL_TIM_IC_CaptureCallback(TIM_HandleTypeDef*)	16	static
../Core/Src/App/Motor_control/motor_run.cpp:107:1:void __static_initialization_and_destruction_0()	8	static
../Core/Src/App/Motor_control/motor_run.cpp:107:1:cpp)	8	static
